Component: ARM Compiler 5.06 update 4 (build 422) Tool: armlink [4d35d2]

==============================================================================

Section Cross References

    main.o(.text) refers to lcd.o(.text) for LCD_ShowNum
    main.o(.text) refers to rtc.o(.text) for RTC_Get_Week
    main.o(.text) refers to delay.o(.text) for delay_init
    main.o(.text) refers to misc.o(.text) for NVIC_PriorityGroupConfig
    main.o(.text) refers to usart.o(.text) for uart_init
    main.o(.text) refers to led.o(.text) for LED_Init
    main.o(.text) refers to key.o(.text) for KEY_Init
    main.o(.text) refers to lcd.o(.data) for POINT_COLOR
    main.o(.text) refers to system_stm32f10x.o(.data) for SystemCoreClock
    main.o(.text) refers to usmart_config.o(.data) for usmart_dev
    main.o(.text) refers to rtc.o(.bss) for calendar
    main.o(.text) refers to rtc.o(.constdata) for mon_table
    system_stm32f10x.o(.text) refers to system_stm32f10x.o(.data) for SystemCoreClock
    led.o(.text) refers to stm32f10x_rcc.o(.text) for RCC_APB2PeriphClockCmd
    led.o(.text) refers to stm32f10x_gpio.o(.text) for GPIO_Init
    key.o(.text) refers to stm32f10x_rcc.o(.text) for RCC_APB2PeriphClockCmd
    key.o(.text) refers to stm32f10x_gpio.o(.text) for GPIO_Init
    key.o(.text) refers to delay.o(.text) for delay_ms
    key.o(.text) refers to key.o(.data) for key_up
    lcd.o(.text) refers to _printf_percent.o(.ARM.Collect$$_printf_percent$$00000000) for _printf_percent
    lcd.o(.text) refers to _printf_x.o(.ARM.Collect$$_printf_percent$$0000000C) for _printf_x
    lcd.o(.text) refers to _printf_hex_int.o(.text) for _printf_longlong_hex
    lcd.o(.text) refers to delay.o(.text) for delay_us
    lcd.o(.text) refers to lcd.o(.bss) for lcddev
    lcd.o(.text) refers to lcd.o(.data) for POINT_COLOR
    lcd.o(.text) refers to dflt_clz.o(x$fpl$dfltu) for __aeabi_ui2d
    lcd.o(.text) refers to dmul.o(x$fpl$dmul) for __aeabi_dmul
    lcd.o(.text) refers to dfixu.o(x$fpl$dfixu) for __aeabi_d2uiz
    lcd.o(.text) refers to stm32f10x_rcc.o(.text) for RCC_AHBPeriphClockCmd
    lcd.o(.text) refers to stm32f10x_gpio.o(.text) for GPIO_Init
    lcd.o(.text) refers to stm32f10x_fsmc.o(.text) for FSMC_NORSRAMInit
    lcd.o(.text) refers to noretval__2printf.o(.text) for __2printf
    lcd.o(.text) refers to lcd.o(.constdata) for asc2_1206
    rtc.o(.text) refers to _printf_percent.o(.ARM.Collect$$_printf_percent$$00000000) for _printf_percent
    rtc.o(.text) refers to _printf_d.o(.ARM.Collect$$_printf_percent$$00000009) for _printf_d
    rtc.o(.text) refers to _printf_dec.o(.text) for _printf_int_dec
    rtc.o(.text) refers to misc.o(.text) for NVIC_Init
    rtc.o(.text) refers to stm32f10x_rtc.o(.text) for RTC_GetCounter
    rtc.o(.text) refers to stm32f10x_rcc.o(.text) for RCC_APB1PeriphClockCmd
    rtc.o(.text) refers to stm32f10x_pwr.o(.text) for PWR_BackupAccessCmd
    rtc.o(.text) refers to stm32f10x_bkp.o(.text) for BKP_ReadBackupRegister
    rtc.o(.text) refers to delay.o(.text) for delay_ms
    rtc.o(.text) refers to noretval__2printf.o(.text) for __2printf
    rtc.o(.text) refers to rtc.o(.constdata) for table_week
    rtc.o(.text) refers to rtc.o(.data) for daycnt
    rtc.o(.text) refers to rtc.o(.bss) for calendar
    delay.o(.text) refers to misc.o(.text) for SysTick_CLKSourceConfig
    delay.o(.text) refers to system_stm32f10x.o(.data) for SystemCoreClock
    delay.o(.text) refers to delay.o(.data) for fac_us
    usart.o(.text) refers (Special) to use_no_semi_2.o(.text) for __use_no_semihosting
    usart.o(.text) refers to stm32f10x_rcc.o(.text) for RCC_APB2PeriphClockCmd
    usart.o(.text) refers to stm32f10x_gpio.o(.text) for GPIO_Init
    usart.o(.text) refers to misc.o(.text) for NVIC_Init
    usart.o(.text) refers to stm32f10x_usart.o(.text) for USART_Init
    usart.o(.text) refers to usart.o(.data) for USART_RX_STA
    usart.o(.text) refers to usart.o(.bss) for USART_RX_BUF
    usart.o(.bss) refers (Special) to use_no_semi_2.o(.text) for __use_no_semihosting
    usart.o(.data) refers (Special) to use_no_semi_2.o(.text) for __use_no_semihosting
    startup_stm32f10x_hd.o(STACK) refers (Special) to heapauxi.o(.text) for __use_two_region_memory
    startup_stm32f10x_hd.o(HEAP) refers (Special) to heapauxi.o(.text) for __use_two_region_memory
    startup_stm32f10x_hd.o(RESET) refers (Special) to heapauxi.o(.text) for __use_two_region_memory
    startup_stm32f10x_hd.o(RESET) refers to startup_stm32f10x_hd.o(STACK) for __initial_sp
    startup_stm32f10x_hd.o(RESET) refers to startup_stm32f10x_hd.o(.text) for Reset_Handler
    startup_stm32f10x_hd.o(RESET) refers to stm32f10x_it.o(.text) for NMI_Handler
    startup_stm32f10x_hd.o(RESET) refers to rtc.o(.text) for RTC_IRQHandler
    startup_stm32f10x_hd.o(RESET) refers to usmart.o(.text) for TIM4_IRQHandler
    startup_stm32f10x_hd.o(RESET) refers to usart.o(.text) for USART1_IRQHandler
[...]
    ../clib/printf.c                         0x00000000   Number         0  _printf_pad.o ABSOLUTE
    ../clib/printf.c                         0x00000000   Number         0  _printf_str.o ABSOLUTE
    ../clib/printf.c                         0x00000000   Number         0  _printf_char_file.o ABSOLUTE
    ../clib/printf.c                         0x00000000   Number         0  _printf_dec.o ABSOLUTE
    ../clib/printf.c                         0x00000000   Number         0  _printf_hex_ll.o ABSOLUTE
    ../clib/printf.c                         0x00000000   Number         0  _printf_hex_int.o ABSOLUTE
    ../clib/printf.c                         0x00000000   Number         0  _printf_char.o ABSOLUTE
    ../clib/printf.c                         0x00000000   Number         0  _printf_intcommon.o ABSOLUTE
    ../clib/printf.c                         0x00000000   Number         0  _printf_hex_int_ll.o ABSOLUTE
    ../clib/printf.c                         0x00000000   Number         0  _printf_hex_ptr.o ABSOLUTE
    ../clib/printf.c                         0x00000000   Number         0  _printf_hex_int_ptr.o ABSOLUTE
    ../clib/printf.c                         0x00000000   Number         0  _printf_hex_int_ll_ptr.o ABSOLUTE
    ../clib/printf.c                         0x00000000   Number         0  __printf_flags.o ABSOLUTE
    ../clib/printf.c                         0x00000000   Number         0  __printf_ss.o ABSOLUTE
    ../clib/printf.c                         0x00000000   Number         0  __printf_flags_ss.o ABSOLUTE
    ../clib/printf_percent.s                 0x00000000   Number         0  _printf_x.o ABSOLUTE
    ../clib/printf_percent.s                 0x00000000   Number         0  _printf_d.o ABSOLUTE
    ../clib/printf_percent.s                 0x00000000   Number         0  _printf_percent.o ABSOLUTE
    ../clib/printf_percent.s                 0x00000000   Number         0  _printf_u.o ABSOLUTE
    ../clib/printf_percent.s                 0x00000000   Number         0  _printf_percent_end.o ABSOLUTE
    ../clib/printf_percent.s                 0x00000000   Number         0  _printf_c.o ABSOLUTE
    ../clib/printf_percent.s                 0x00000000   Number         0  _printf_s.o ABSOLUTE
    ../clib/signal.c                         0x00000000   Number         0  __raise.o ABSOLUTE
    ../clib/signal.c                         0x00000000   Number         0  defsig_general.o ABSOLUTE
    ../clib/signal.c                         0x00000000   Number         0  defsig_rtmem_formal.o ABSOLUTE
    ../clib/signal.c                         0x00000000   Number         0  defsig_rtmem_inner.o ABSOLUTE
    ../clib/signal.c                         0x00000000   Number         0  defsig_stak_inner.o ABSOLUTE
    ../clib/signal.c                         0x00000000   Number         0  defsig_other.o ABSOLUTE
    ../clib/signal.c                         0x00000000   Number         0  defsig_segv_inner.o ABSOLUTE
    ../clib/signal.c                         0x00000000   Number         0  defsig_cppl_inner.o ABSOLUTE
    ../clib/signal.c                         0x00000000   Number         0  defsig_rtmem_outer.o ABSOLUTE
    ../clib/signal.c                         0x00000000   Number         0  defsig_pvfn_inner.o ABSOLUTE
    ../clib/signal.c                         0x00000000   Number         0  defsig_exit.o ABSOLUTE
    ../clib/signal.c                         0x00000000   Number         0  defsig_rtred_inner.o ABSOLUTE
    ../clib/signal.c                         0x00000000   Number         0  defsig_fpe_inner.o ABSOLUTE
    ../clib/signal.c                         0x00000000   Number         0  defsig_abrt_inner.o ABSOLUTE
    ../clib/signal.s                         0x00000000   Number         0  defsig.o ABSOLUTE
    ../clib/stdio.c                          0x00000000   Number         0  ferror_locked.o ABSOLUTE
    ../clib/stdio.c                          0x00000000   Number         0  ferror.o ABSOLUTE
    ../clib/stdlib.c                         0x00000000   Number         0  exit.o ABSOLUTE
    ../fplib/dfixu.s                         0x00000000   Number         0  dfixu.o ABSOLUTE
    ../fplib/dflt.s                          0x00000000   Number         0  dflt_clz.o ABSOLUTE
    ../fplib/dmul.s                          0x00000000   Number         0  dmul.o ABSOLUTE
    ../fplib/dnaninf.s                       0x00000000   Number         0  dnaninf.o ABSOLUTE
    ../fplib/dretinf.s                       0x00000000   Number         0  dretinf.o ABSOLUTE
    ../fplib/fpinit.s                        0x00000000   Number         0  fpinit.o ABSOLUTE
    ../fplib/usenofp.s                       0x00000000   Number         0  usenofp.o ABSOLUTE
    ..\CORE\core_cm3.c                       0x00000000   Number         0  core_cm3.o ABSOLUTE
    ..\CORE\startup_stm32f10x_hd.s           0x00000000   Number         0  startup_stm32f10x_hd.o ABSOLUTE
    ..\HARDWARE\KEY\key.c                    0x00000000   Number         0  key.o ABSOLUTE
    ..\HARDWARE\LCD\lcd.c                    0x00000000   Number         0  lcd.o ABSOLUTE
    ..\HARDWARE\LED\led.c                    0x00000000   Number         0  led.o ABSOLUTE
    ..\HARDWARE\RTC\rtc.c                    0x00000000   Number         0  rtc.o ABSOLUTE
    ..\STM32F10x_FWLib\src\misc.c            0x00000000   Number         0  misc.o ABSOLUTE
    ..\STM32F10x_FWLib\src\stm32f10x_bkp.c   0x00000000   Number         0  stm32f10x_bkp.o ABSOLUTE
    ..\STM32F10x_FWLib\src\stm32f10x_exti.c  0x00000000   Number         0  stm32f10x_exti.o ABSOLUTE
    ..\STM32F10x_FWLib\src\stm32f10x_flash.c 0x00000000   Number         0  stm32f10x_flash.o ABSOLUTE
    ..\STM32F10x_FWLib\src\stm32f10x_fsmc.c  0x00000000   Number         0  stm32f10x_fsmc.o ABSOLUTE
    ..\STM32F10x_FWLib\src\stm32f10x_gpio.c  0x00000000   Number         0  stm32f10x_gpio.o ABSOLUTE
    ..\STM32F10x_FWLib\src\stm32f10x_pwr.c   0x00000000   Number         0  stm32f10x_pwr.o ABSOLUTE
    ..\STM32F10x_FWLib\src\stm32f10x_rcc.c   0x00000000   Number         0  stm32f10x_rcc.o ABSOLUTE
    ..\STM32F10x_FWLib\src\stm32f10x_rtc.c   0x00000000   Number         0  stm32f10x_rtc.o ABSOLUTE
    ..\STM32F10x_FWLib\src\stm32f10x_tim.c   0x00000000   Number         0  stm32f10x_tim.o ABSOLUTE
    ..\STM32F10x_FWLib\src\stm32f10x_usart.c 0x00000000   Number         0  stm32f10x_usart.o ABSOLUTE
    ..\SYSTEM\delay\delay.c                  0x00000000   Number         0  delay.o ABSOLUTE
    ..\SYSTEM\sys\sys.c                      0x00000000   Number         0  sys.o ABSOLUTE
    ..\SYSTEM\usart\usart.c                  0x00000000   Number         0  usart.o ABSOLUTE
    ..\USMART\usmart.c                       0x00000000   Number         0  usmart.o ABSOLUTE
    ..\USMART\usmart_config.c                0x00000000   Number         0  usmart_config.o ABSOLUTE
    ..\USMART\usmart_str.c                   0x00000000   Number         0  usmart_str.o ABSOLUTE
    ..\\CORE\\core_cm3.c                     0x00000000   Number         0  core_cm3.o ABSOLUTE
    ..\\SYSTEM\\sys\\sys.c                   0x00000000   Number         0  sys.o ABSOLUTE
    dc.s                                     0x00000000   Number         0  dc.o ABSOLUTE
    main.c                                   0x00000000   Number         0  main.o ABSOLUTE
    stm32f10x_it.c                           0x00000000   Number         0  stm32f10x_it.o ABSOLUTE
    system_stm32f10x.c                       0x00000000   Number         0  system_stm32f10x.o ABSOLUTE
    RESET                                    0x08000000   Section      304  startup_stm32f10x_hd.o(RESET)
    !!!main                                  0x08000130   Section        8  __main.o(!!!main)
    !!!scatter                               0x08000138   Section       52  __scatter.o(!!!scatter)
    !!dczerorl2                              0x0800016c   Section       90  __dczerorl2.o(!!dczerorl2)
    !!handler_zi                             0x080001c8   Section       28  __scatter_zi.o(!!handler_zi)
    .ARM.Collect$$_printf_percent$$00000000  0x080001e4   Section        0  _printf_percent.o(.ARM.Collect$$_printf_percent$$00000000)
    .ARM.Collect$$_printf_percent$$00000009  0x080001e4   Section        6  _printf_d.o(.ARM.Collect$$_printf_percent$$00000009)
    .ARM.Collect$$_printf_percent$$0000000A  0x080001ea   Section        6  _printf_u.o(.ARM.Collect$$_printf_percent$$0000000A)
    .ARM.Collect$$_printf_percent$$0000000C  0x080001f0   Section        6  _printf_x.o(.ARM.Collect$$_printf_percent$$0000000C)
    .ARM.Collect$$_printf_percent$$00000013  0x080001f6   Section        6  _printf_c.o(.ARM.Collect$$_printf_percent$$00000013)
    .ARM.Collect$$_printf_percent$$00000014  0x080001fc   Section        6  _printf_s.o(.ARM.Collect$$_printf_percent$$00000014)
    .ARM.Collect$$_printf_percent$$00000017  0x08000202   Section        4  _printf_percent_end.o(.ARM.Collect$$_printf_percent$$00000017)
    .ARM.Collect$$libinit$$00000000          0x08000206   Section        2  libinit.o(.ARM.Collect$$libinit$$00000000)
    .ARM.Collect$$libinit$$00000002          0x08000208   Section        0  libinit2.o(.ARM.Collect$$libinit$$00000002)
    .ARM.Collect$$libinit$$00000004          0x08000208   Section        0  libinit2.o(.ARM.Collect$$libinit$$00000004)
    .ARM.Collect$$libinit$$0000000A          0x08000208   Section        0  libinit2.o(.ARM.Collect$$libinit$$0000000A)
    .ARM.Collect$$libinit$$0000000C          0x08000208   Section        0  libinit2.o(.ARM.Collect$$libinit$$0000000C)
    .ARM.Collect$$libinit$$0000000E          0x08000208   Section        0  libinit2.o(.ARM.Collect$$libinit$$0000000E)
    .ARM.Collect$$libinit$$00000011          0x08000208   Section        0  libinit2.o(.ARM.Collect$$libinit$$00000011)
    .ARM.Collect$$libinit$$00000013          0x08000208   Section        0  libinit2.o(.ARM.Collect$$libinit$$00000013)
    .ARM.Collect$$libinit$$00000015          0x08000208   Section        0  libinit2.o(.ARM.Collect$$libinit$$00000015)
    .ARM.Collect$$libinit$$00000017          0x08000208   Section        0  libinit2.o(.ARM.Collect$$libinit$$00000017)
    .ARM.Collect$$libinit$$00000019          0x08000208   Section        0  libinit2.o(.ARM.Collect$$libinit$$00000019)
    .ARM.Collect$$libinit$$0000001B          0x08000208   Section        0  libinit2.o(.ARM.Collect$$libinit$$0000001B)
    .ARM.Collect$$libinit$$0000001D          0x08000208   Section        0  libinit2.o(.ARM.Collect$$libinit$$0000001D)
    .ARM.Collect$$libinit$$0000001F          0x08000208   Section        0  libinit2.o(.ARM.Collect$$libinit$$0000001F)
    .ARM.Collect$$libinit$$00000021          0x08000208   Section        0  libinit2.o(.ARM.Collect$$libinit$$00000021)
    .ARM.Collect$$libinit$$00000023          0x08000208   Section        0  libinit2.o(.ARM.Collect$$libinit$$00000023)
    .ARM.Collect$$libinit$$00000025          0x08000208   Section        0  libinit2.o(.ARM.Collect$$libinit$$00000025)
    .ARM.Collect$$libinit$$0000002C          0x08000208   Section        0  libinit2.o(.ARM.Collect$$libinit$$0000002C)
    .ARM.Collect$$libinit$$0000002E          0x08000208   Section        0  libinit2.o(.ARM.Collect$$libinit$$0000002E)
    .ARM.Collect$$libinit$$00000030          0x08000208   Section        0  libinit2.o(.ARM.Collect$$libinit$$00000030)
    .ARM.Collect$$libinit$$00000032          0x08000208   Section        0  libinit2.o(.ARM.Collect$$libinit$$00000032)
    .ARM.Collect$$libinit$$00000033          0x08000208   Section        2  libinit2.o(.ARM.Collect$$libinit$$00000033)
    .ARM.Collect$$libshutdown$$00000000      0x0800020a   Section        2  libshutdown.o(.ARM.Collect$$libshutdown$$00000000)
    .ARM.Collect$$libshutdown$$00000002      0x0800020c   Section        0  libshutdown2.o(.ARM.Collect$$libshutdown$$00000002)
    .ARM.Collect$$libshutdown$$00000004      0x0800020c   Section        0  libshutdown2.o(.ARM.Collect$$libshutdown$$00000004)
    .ARM.Collect$$libshutdown$$00000007      0x0800020c   Section        0  libshutdown2.o(.ARM.Collect$$libshutdown$$00000007)
    .ARM.Collect$$libshutdown$$0000000A      0x0800020c   Section        0  libshutdown2.o(.ARM.Collect$$libshutdown$$0000000A)
    .ARM.Collect$$libshutdown$$0000000C      0x0800020c   Section        0  libshutdown2.o(.ARM.Collect$$libshutdown$$0000000C)
    .ARM.Collect$$libshutdown$$0000000F      0x0800020c   Section        0  libshutdown2.o(.ARM.Collect$$libshutdown$$0000000F)
    .ARM.Collect$$libshutdown$$00000010      0x0800020c   Section        2  libshutdown2.o(.ARM.Collect$$libshutdown$$00000010)
    .ARM.Collect$$rtentry$$00000000          0x0800020e   Section        0  __rtentry.o(.ARM.Collect$$rtentry$$00000000)
    .ARM.Collect$$rtentry$$00000002          0x0800020e   Section        0  __rtentry2.o(.ARM.Collect$$rtentry$$00000002)
    .ARM.Collect$$rtentry$$00000004          0x0800020e   Section        6  __rtentry4.o(.ARM.Collect$$rtentry$$00000004)
    .ARM.Collect$$rtentry$$00000009          0x08000214   Section        0  __rtentry2.o(.ARM.Collect$$rtentry$$00000009)
    .ARM.Collect$$rtentry$$0000000A          0x08000214   Section        4  __rtentry2.o(.ARM.Collect$$rtentry$$0000000A)
    .ARM.Collect$$rtentry$$0000000C          0x08000218   Section        0  __rtentry2.o(.ARM.Collect$$rtentry$$0000000C)
    .ARM.Collect$$rtentry$$0000000D          0x08000218   Section        8  __rtentry2.o(.ARM.Collect$$rtentry$$0000000D)
    .ARM.Collect$$rtexit$$00000000           0x08000220   Section        2  rtexit.o(.ARM.Collect$$rtexit$$00000000)
    .ARM.Collect$$rtexit$$00000002           0x08000222   Section        0  rtexit2.o(.ARM.Collect$$rtexit$$00000002)
    .ARM.Collect$$rtexit$$00000003           0x08000222   Section        4  rtexit2.o(.ARM.Collect$$rtexit$$00000003)
    .ARM.Collect$$rtexit$$00000004           0x08000226   Section        6  rtexit2.o(.ARM.Collect$$rtexit$$00000004)
    .text                                    0x0800022c   Section        0  main.o(.text)
    .text                                    0x08000870   Section        0  stm32f10x_it.o(.text)
    .text                                    0x0800088c   Section        0  system_stm32f10x.o(.text)
    SetSysClockTo72                          0x0800088d   Thumb Code   214  system_stm32f10x.o(.text)
    SetSysClock                              0x08000963   Thumb Code     8  system_stm32f10x.o(.text)
    .text                                    0x08000a6c   Section        0  led.o(.text)
    .text                                    0x08000ab8   Section        0  key.o(.text)
    .text                                    0x08000b90   Section        0  lcd.o(.text)
    .text                                    0x080055e8   Section        0  rtc.o(.text)
    RTC_NVIC_Config                          0x080055e9   Thumb Code    32  rtc.o(.text)
    .text                                    0x08005a5c   Section        0  delay.o(.text)
    .text                                    0x08005b30   Section        0  usart.o(.text)
    .text                                    0x08005c70   Section       64  startup_stm32f10x_hd.o(.text)
    .text                                    0x08005cb0   Section        0  misc.o(.text)
    .text                                    0x08005d8c   Section        0  stm32f10x_bkp.o(.text)
    .text                                    0x08005e50   Section        0  stm32f10x_fsmc.o(.text)
    .text                                    0x0800645c   Section        0  stm32f10x_gpio.o(.text)
    .text                                    0x080067b8   Section        0  stm32f10x_pwr.o(.text)
    .text                                    0x08006884   Section        0  stm32f10x_rcc.o(.text)
    .text                                    0x08006c28   Section        0  stm32f10x_usart.o(.text)
    .text                                    0x08007030   Section        0  stm32f10x_rtc.o(.text)
    .text                                    0x08007178   Section        0  stm32f10x_tim.o(.text)
    TI4_Config                               0x0800761f   Thumb Code   130  stm32f10x_tim.o(.text)
    TI3_Config                               0x080076b3   Thumb Code   122  stm32f10x_tim.o(.text)
    TI2_Config                               0x08007747   Thumb Code   130  stm32f10x_tim.o(.text)
    TI1_Config                               0x080077db   Thumb Code   108  stm32f10x_tim.o(.text)
    .text                                    0x08007f94   Section        0  usmart.o(.text)
    .text                                    0x08008bcc   Section        0  usmart_str.o(.text)
    .text                                    0x080090f4   Section        2  use_no_semi_2.o(.text)
    .text                                    0x080090f8   Section        0  noretval__2printf.o(.text)
    .text                                    0x08009110   Section        0  _printf_pad.o(.text)
    .text                                    0x0800915e   Section        0  _printf_str.o(.text)
    .text                                    0x080091b0   Section        0  _printf_dec.o(.text)
    .text                                    0x08009228   Section        0  _printf_hex_int.o(.text)
    .text                                    0x08009280   Section        0  __printf_flags_ss_wp.o(.text)
    .text                                    0x08009408   Section        0  heapauxi.o(.text)
    .text                                    0x0800940e   Section        2  use_no_semi.o(.text)
    .text                                    0x08009410   Section        0  _printf_intcommon.o(.text)
    .text                                    0x080094c2   Section        0  _printf_char.o(.text)
    .text                                    0x080094f0   Section        0  _printf_char_file.o(.text)
    .text                                    0x08009514   Section        0  _printf_char_common.o(.text)
    _printf_input_char                       0x08009515   Thumb Code    10  _printf_char_common.o(.text)
    .text                                    0x08009544   Section        0  ferror.o(.text)
    .text                                    0x0800954c   Section       74  sys_stackheap_outer.o(.text)
    .text                                    0x08009596   Section        0  exit.o(.text)
    .text                                    0x080095a8   Section        8  libspace.o(.text)
    i._is_digit                              0x080095b0   Section        0  __printf_wp.o(i._is_digit)
    x$fpl$dfixu                              0x080095c0   Section       90  dfixu.o(x$fpl$dfixu)
    x$fpl$dfltu                              0x0800961a   Section       38  dflt_clz.o(x$fpl$dfltu)
    x$fpl$dmul                               0x08009640   Section      340  dmul.o(x$fpl$dmul)
    x$fpl$dnaninf                            0x08009794   Section      156  dnaninf.o(x$fpl$dnaninf)
    x$fpl$dretinf                            0x08009830   Section       12  dretinf.o(x$fpl$dretinf)
    .constdata                               0x0800983c   Section     6080  lcd.o(.constdata)
    x$fpl$usenofp                            0x0800983c   Section        0  usenofp.o(x$fpl$usenofp)
    .constdata                               0x0800affc   Section       24  rtc.o(.constdata)
    .constdata                               0x0800b014   Section       40  _printf_hex_int.o(.constdata)
    uc_hextab                                0x0800b014   Data          20  _printf_hex_int.o(.constdata)
    lc_hextab                                0x0800b028   Data          20  _printf_hex_int.o(.constdata)
    .constdata                               0x0800b03c   Section       17  __printf_flags_ss_wp.o(.constdata)
    maptable                                 0x0800b03c   Data          17  __printf_flags_ss_wp.o(.constdata)
    .conststring                             0x0800b050   Section       40  usmart.o(.conststring)
    .conststring                             0x0800b078   Section      167  usmart_config.o(.conststring)
    .data                                    0x20000000   Section       20  system_stm32f10x.o(.data)
    .data                                    0x20000014   Section        1  key.o(.data)
    key_up                                   0x20000014   Data           1  key.o(.data)
    .data                                    0x20000016   Section        4  lcd.o(.data)
    .data                                    0x2000001a   Section        2  rtc.o(.data)
    daycnt                                   0x2000001a   Data           2  rtc.o(.data)
    .data                                    0x2000001c   Section        4  delay.o(.data)
    fac_us                                   0x2000001c   Data           1  delay.o(.data)
    fac_ms                                   0x2000001e   Data           2  delay.o(.data)
    .data                                    0x20000020   Section        6  usart.o(.data)
    .data                                    0x20000026   Section       20  stm32f10x_rcc.o(.data)
    APBAHBPrescTable                         0x20000026   Data          16  stm32f10x_rcc.o(.data)
    ADCPrescTable                            0x20000036   Data           4  stm32f10x_rcc.o(.data)
    .data                                    0x2000003c   Section       28  usmart.o(.data)
    .data                                    0x20000058   Section      284  usmart_config.o(.data)
    .bss                                     0x20000174   Section       14  lcd.o(.bss)
    .bss                                     0x20000182   Section       10  rtc.o(.bss)
    .bss                                     0x2000018c   Section      200  usart.o(.bss)
    .bss                                     0x20000254   Section       96  libspace.o(.bss)
    HEAP                                     0x200002b8   Section      512  startup_stm32f10x_hd.o(HEAP)
    Heap_Mem                                 0x200002b8   Data         512  startup_stm32f10x_hd.o(HEAP)
    STACK                                    0x200004b8   Section     1024  startup_stm32f10x_hd.o(STACK)
    Stack_Mem                                0x200004b8   Data        1024  startup_stm32f10x_hd.o(STACK)
    __initial_sp                             0x200008b8   Data           0  startup_stm32f10x_hd.o(STACK)

    Global Symbols

    Symbol Name                              Value     Ov Type        Size  Object(Section)

    BuildAttributes$$THM_ISAv4$P$D$K$B$S$PE$A:L22UL41UL21$X:L11$S22US41US21$IEEE1$IW$USESV6$~STKCKD$USESV7$~SHL$OSPACE$ROPI$EBA8$UX$STANDARDLIB$REQ8$PRES8$EABIv2 0x00000000   Number         0  anon$$obj.o ABSOLUTE
    __ARM_use_no_argv                        0x00000000   Number         0  main.o ABSOLUTE
    _printf_flags                            0x00000000   Number         0  printf_stubs.o ABSOLUTE
    _printf_return_value                     0x00000000   Number         0  printf_stubs.o ABSOLUTE
    _printf_sizespec                         0x00000000   Number         0  printf_stubs.o ABSOLUTE
    _printf_widthprec                        0x00000000   Number         0  printf_stubs.o ABSOLUTE
    __ARM_exceptions_init                     - Undefined Weak Reference
    __alloca_initialize                       - Undefined Weak Reference
    __arm_preinit_                            - Undefined Weak Reference
    __cpp_initialize__aeabi_                  - Undefined Weak Reference
    __cxa_finalize                            - Undefined Weak Reference
    __rt_locale                               - Undefined Weak Reference
    __sigvec_lookup                           - Undefined Weak Reference
    _atexit_init                              - Undefined Weak Reference
    _call_atexit_fns                          - Undefined Weak Reference
    _clock_init                               - Undefined Weak Reference
    _fp_trap_init                             - Undefined Weak Reference
    _fp_trap_shutdown                         - Undefined Weak Reference
    _get_lc_collate                           - Undefined Weak Reference
    _get_lc_ctype                             - Undefined Weak Reference
    _get_lc_monetary                          - Undefined Weak Reference
    _get_lc_numeric                           - Undefined Weak Reference
    _get_lc_time                              - Undefined Weak Reference
    _getenv_init                              - Undefined Weak Reference
    _handle_redirection                       - Undefined Weak Reference
    _init_alloc                               - Undefined Weak Reference
    _init_user_alloc                          - Undefined Weak Reference
    _initio                                   - Undefined Weak Reference
    _mutex_acquire                            - Undefined Weak Reference
    _mutex_release                            - Undefined Weak Reference
    _printf_mbtowc                            - Undefined Weak Reference
    _printf_truncate_signed                   - Undefined Weak Reference
    _printf_truncate_unsigned                 - Undefined Weak Reference
    _rand_init                                - Undefined Weak Reference
    _signal_finish                            - Undefined Weak Reference
    _signal_init                              - Undefined Weak Reference
    _terminate_alloc                          - Undefined Weak Reference
    _terminate_user_alloc                     - Undefined Weak Reference
    _terminateio                              - Undefined Weak Reference
    __Vectors_Size                           0x00000130   Number         0  startup_stm32f10x_hd.o ABSOLUTE
    __Vectors                                0x08000000   Data           4  startup_stm32f10x_hd.o(RESET)
    __Vectors_End                            0x08000130   Data           0  startup_stm32f10x_hd.o(RESET)
    __main                                   0x08000131   Thumb Code     8  __main.o(!!!main)
    __scatterload                            0x08000139   Thumb Code     0  __scatter.o(!!!scatter)
    __scatterload_rt2                        0x08000139   Thumb Code    44  __scatter.o(!!!scatter)
    __scatterload_rt2_thumb_only             0x08000139   Thumb Code     0  __scatter.o(!!!scatter)
    __scatterload_null                       0x08000147   Thumb Code     0  __scatter.o(!!!scatter)
    __decompress                             0x0800016d   Thumb Code    90  __dczerorl2.o(!!dczerorl2)
    __decompress1                            0x0800016d   Thumb Code     0  __dczerorl2.o(!!dczerorl2)
    __scatterload_zeroinit                   0x080001c9   Thumb Code    28  __scatter_zi.o(!!handler_zi)
    _printf_d                                0x080001e5   Thumb Code     0  _printf_d.o(.ARM.Collect$$_printf_percent$$00000009)
    _printf_percent                          0x080001e5   Thumb Code     0  _printf_percent.o(.ARM.Collect$$_printf_percent$$00000000)
    _printf_u                                0x080001eb   Thumb Code     0  _printf_u.o(.ARM.Collect$$_printf_percent$$0000000A)
    _printf_x                                0x080001f1   Thumb Code     0  _printf_x.o(.ARM.Collect$$_printf_percent$$0000000C)
    _printf_c                                0x080001f7   Thumb Code     0  _printf_c.o(.ARM.Collect$$_printf_percent$$00000013)
    _printf_s                                0x080001fd   Thumb Code     0  _printf_s.o(.ARM.Collect$$_printf_percent$$00000014)
    _printf_percent_end                      0x08000203   Thumb Code     0  _printf_percent_end.o(.ARM.Collect$$_printf_percent$$00000017)
    __rt_lib_init                            0x08000207   Thumb Code     0  libinit.o(.ARM.Collect$$libinit$$00000000)
    __rt_lib_init_alloca_1                   0x08000209   Thumb Code     0  libinit2.o(.ARM.Collect$$libinit$$0000002E)
    __rt_lib_init_argv_1                     0x08000209   Thumb Code     0  libinit2.o(.ARM.Collect$$libinit$$0000002C)
    __rt_lib_init_atexit_1                   0x08000209   Thumb Code     0  libinit2.o(.ARM.Collect$$libinit$$0000001B)
    __rt_lib_init_clock_1                    0x08000209   Thumb Code     0  libinit2.o(.ARM.Collect$$libinit$$00000021)
    __rt_lib_init_cpp_1                      0x08000209   Thumb Code     0  libinit2.o(.ARM.Collect$$libinit$$00000032)
    __rt_lib_init_exceptions_1               0x08000209   Thumb Code     0  libinit2.o(.ARM.Collect$$libinit$$00000030)
    __rt_lib_init_fp_1                       0x08000209   Thumb Code     0  libinit2.o(.ARM.Collect$$libinit$$00000002)
    __rt_lib_init_fp_trap_1                  0x08000209   Thumb Code     0  libinit2.o(.ARM.Collect$$libinit$$0000001F)
    __rt_lib_init_getenv_1                   0x08000209   Thumb Code     0  libinit2.o(.ARM.Collect$$libinit$$00000023)
    __rt_lib_init_heap_1                     0x08000209   Thumb Code     0  libinit2.o(.ARM.Collect$$libinit$$0000000A)
    __rt_lib_init_lc_collate_1               0x08000209   Thumb Code     0  libinit2.o(.ARM.Collect$$libinit$$00000011)
    __rt_lib_init_lc_ctype_1                 0x08000209   Thumb Code     0  libinit2.o(.ARM.Collect$$libinit$$00000013)
    __rt_lib_init_lc_monetary_1              0x08000209   Thumb Code     0  libinit2.o(.ARM.Collect$$libinit$$00000015)
    __rt_lib_init_lc_numeric_1               0x08000209   Thumb Code     0  libinit2.o(.ARM.Collect$$libinit$$00000017)
    __rt_lib_init_lc_time_1                  0x08000209   Thumb Code     0  libinit2.o(.ARM.Collect$$libinit$$00000019)
    __rt_lib_init_preinit_1                  0x08000209   Thumb Code     0  libinit2.o(.ARM.Collect$$libinit$$00000004)
    __rt_lib_init_rand_1                     0x08000209   Thumb Code     0  libinit2.o(.ARM.Collect$$libinit$$0000000E)
    __rt_lib_init_return                     0x08000209   Thumb Code     0  libinit2.o(.ARM.Collect$$libinit$$00000033)
    __rt_lib_init_signal_1                   0x08000209   Thumb Code     0  libinit2.o(.ARM.Collect$$libinit$$0000001D)
    __rt_lib_init_stdio_1                    0x08000209   Thumb Code     0  libinit2.o(.ARM.Collect$$libinit$$00000025)
    __rt_lib_init_user_alloc_1               0x08000209   Thumb Code     0  libinit2.o(.ARM.Collect$$libinit$$0000000C)
    __rt_lib_shutdown                        0x0800020b   Thumb Code     0  libshutdown.o(.ARM.Collect$$libshutdown$$00000000)
    __rt_lib_shutdown_cpp_1                  0x0800020d   Thumb Code     0  libshutdown2.o(.ARM.Collect$$libshutdown$$00000002)
    __rt_lib_shutdown_fp_trap_1              0x0800020d   Thumb Code     0  libshutdown2.o(.ARM.Collect$$libshutdown$$00000007)
    __rt_lib_shutdown_heap_1                 0x0800020d   Thumb Code     0  libshutdown2.o(.ARM.Collect$$libshutdown$$0000000F)
    __rt_lib_shutdown_return                 0x0800020d   Thumb Code     0  libshutdown2.o(.ARM.Collect$$libshutdown$$00000010)
    __rt_lib_shutdown_signal_1               0x0800020d   Thumb Code     0  libshutdown2.o(.ARM.Collect$$libshutdown$$0000000A)
    __rt_lib_shutdown_stdio_1                0x0800020d   Thumb Code     0  libshutdown2.o(.ARM.Collect$$libshutdown$$00000004)
    __rt_lib_shutdown_user_alloc_1           0x0800020d   Thumb Code     0  libshutdown2.o(.ARM.Collect$$libshutdown$$0000000C)
    __rt_entry                               0x0800020f   Thumb Code     0  __rtentry.o(.ARM.Collect$$rtentry$$00000000)
    __rt_entry_presh_1                       0x0800020f   Thumb Code     0  __rtentry2.o(.ARM.Collect$$rtentry$$00000002)
    __rt_entry_sh                            0x0800020f   Thumb Code     0  __rtentry4.o(.ARM.Collect$$rtentry$$00000004)
    __rt_entry_li                            0x08000215   Thumb Code     0  __rtentry2.o(.ARM.Collect$$rtentry$$0000000A)
    __rt_entry_postsh_1                      0x08000215   Thumb Code     0  __rtentry2.o(.ARM.Collect$$rtentry$$00000009)
    __rt_entry_main                          0x08000219   Thumb Code     0  __rtentry2.o(.ARM.Collect$$rtentry$$0000000D)
    __rt_entry_postli_1                      0x08000219   Thumb Code     0  __rtentry2.o(.ARM.Collect$$rtentry$$0000000C)
    __rt_exit                                0x08000221   Thumb Code     0  rtexit.o(.ARM.Collect$$rtexit$$00000000)
    __rt_exit_ls                             0x08000223   Thumb Code     0  rtexit2.o(.ARM.Collect$$rtexit$$00000003)
    __rt_exit_prels_1                        0x08000223   Thumb Code     0  rtexit2.o(.ARM.Collect$$rtexit$$00000002)
    __rt_exit_exit                           0x08000227   Thumb Code     0  rtexit2.o(.ARM.Collect$$rtexit$$00000004)
    show_index_time                          0x0800022d   Thumb Code   402  main.o(.text)
    main                                     0x080003bf   Thumb Code  1196  main.o(.text)
    NMI_Handler                              0x08000871   Thumb Code     2  stm32f10x_it.o(.text)
    HardFault_Handler                        0x08000873   Thumb Code     4  stm32f10x_it.o(.text)
    MemManage_Handler                        0x08000877   Thumb Code     4  stm32f10x_it.o(.text)
    BusFault_Handler                         0x0800087b   Thumb Code     4  stm32f10x_it.o(.text)
    UsageFault_Handler                       0x0800087f   Thumb Code     4  stm32f10x_it.o(.text)
    SVC_Handler                              0x08000883   Thumb Code     2  stm32f10x_it.o(.text)
    DebugMon_Handler                         0x08000885   Thumb Code     2  stm32f10x_it.o(.text)
    PendSV_Handler                           0x08000887   Thumb Code     2  stm32f10x_it.o(.text)
    SysTick_Handler                          0x08000889   Thumb Code     2  stm32f10x_it.o(.text)
    SystemInit                               0x0800096b   Thumb Code    78  system_stm32f10x.o(.text)
    SystemCoreClockUpdate                    0x080009b9   Thumb Code   142  system_stm32f10x.o(.text)
    LED_Init                                 0x08000a6d   Thumb Code    68  led.o(.text)
    KEY_Init                                 0x08000ab9   Thumb Code    52  key.o(.text)
    KEY_Scan                                 0x08000aed   Thumb Code   150  key.o(.text)
    LCD_WR_REG                               0x08000b91   Thumb Code     6  lcd.o(.text)
    LCD_WR_DATA                              0x08000b97   Thumb Code     8  lcd.o(.text)
    LCD_RD_DATA                              0x08000b9f   Thumb Code    16  lcd.o(.text)
    LCD_WriteReg                             0x08000baf   Thumb Code    10  lcd.o(.text)
    LCD_ReadReg                              0x08000bb9   Thumb Code    22  lcd.o(.text)
    LCD_WriteRAM_Prepare                     0x08000bcf   Thumb Code    10  lcd.o(.text)
    LCD_WriteRAM                             0x08000bd9   Thumb Code     8  lcd.o(.text)
    LCD_BGR2RGB                              0x08000be1   Thumb Code    26  lcd.o(.text)
    opt_delay                                0x08000bfb   Thumb Code    14  lcd.o(.text)
    LCD_SetCursor                            0x08000c09   Thumb Code   418  lcd.o(.text)
    LCD_ReadPoint                            0x08000dab   Thumb Code   360  lcd.o(.text)
    LCD_DisplayOn                            0x08000f13   Thumb Code   102  lcd.o(.text)
    LCD_DisplayOff                           0x08000f79   Thumb Code    90  lcd.o(.text)
    LCD_Scan_Dir                             0x08000fd3   Thumb Code   744  lcd.o(.text)
    LCD_DrawPoint                            0x080012bb   Thumb Code    28  lcd.o(.text)
    LCD_Fast_DrawPoint                       0x080012d7   Thumb Code   384  lcd.o(.text)
    LCD_SSD_BackLightSet                     0x08001457   Thumb Code    80  lcd.o(.text)
    LCD_Display_Dir                          0x080014a7   Thumb Code   444  lcd.o(.text)
    LCD_Set_Window                           0x08001663   Thumb Code   540  lcd.o(.text)
    LCD_Clear                                0x0800187f   Thumb Code   100  lcd.o(.text)
    LCD_Init                                 0x080018e3   Thumb Code 14184  lcd.o(.text)
    LCD_Fill                                 0x0800504b   Thumb Code   178  lcd.o(.text)
    LCD_Color_Fill                           0x080050fd   Thumb Code   106  lcd.o(.text)
    LCD_DrawLine                             0x08005167   Thumb Code   176  lcd.o(.text)
    LCD_DrawRectangle                        0x08005217   Thumb Code    60  lcd.o(.text)
    LCD_Draw_Circle                          0x08005253   Thumb Code   152  lcd.o(.text)
    LCD_ShowChar                             0x080052eb   Thumb Code   272  lcd.o(.text)
    LCD_Pow                                  0x080053fb   Thumb Code    22  lcd.o(.text)
    LCD_ShowNum                              0x08005411   Thumb Code   148  lcd.o(.text)
    LCD_ShowxNum                             0x080054a5   Thumb Code   220  lcd.o(.text)
    LCD_ShowString                           0x08005581   Thumb Code   102  lcd.o(.text)
    RTC_Get_Week                             0x08005609   Thumb Code   116  rtc.o(.text)
    Is_Leap_Year                             0x0800567d   Thumb Code    58  rtc.o(.text)
    RTC_Get                                  0x080056b7   Thumb Code   240  rtc.o(.text)
    RTC_Set                                  0x080057a7   Thumb Code   184  rtc.o(.text)
    RTC_Init                                 0x0800585f   Thumb Code   190  rtc.o(.text)
    RTC_IRQHandler                           0x0800591d   Thumb Code    76  rtc.o(.text)
    RTC_Alarm_Set                            0x08005969   Thumb Code   184  rtc.o(.text)
    delay_init                               0x08005a5d   Thumb Code    50  delay.o(.text)
    delay_us                                 0x08005a8f   Thumb Code    72  delay.o(.text)
    delay_ms                                 0x08005ad7   Thumb Code    72  delay.o(.text)
    _sys_exit                                0x08005b31   Thumb Code     4  usart.o(.text)
    fputc                                    0x08005b35   Thumb Code    24  usart.o(.text)
    uart_init                                0x08005b4d   Thumb Code   152  usart.o(.text)
    USART1_IRQHandler                        0x08005be5   Thumb Code   122  usart.o(.text)
    Reset_Handler                            0x08005c71   Thumb Code     8  startup_stm32f10x_hd.o(.text)
    ADC1_2_IRQHandler                        0x08005c8b   Thumb Code     0  startup_stm32f10x_hd.o(.text)
    ADC3_IRQHandler                          0x08005c8b   Thumb Code     0  startup_stm32f10x_hd.o(.text)
    CAN1_RX1_IRQHandler                      0x08005c8b   Thumb Code     0  startup_stm32f10x_hd.o(.text)
    CAN1_SCE_IRQHandler                      0x08005c8b   Thumb Code     0  startup_stm32f10x_hd.o(.text)
    DMA1_Channel1_IRQHandler                 0x08005c8b   Thumb Code     0  startup_stm32f10x_hd.o(.text)
    DMA1_Channel2_IRQHandler                 0x08005c8b   Thumb Code     0  startup_stm32f10x_hd.o(.text)
    DMA1_Channel3_IRQHandler                 0x08005c8b   Thumb Code     0  startup_stm32f10x_hd.o(.text)
    DMA1_Channel4_IRQHandler                 0x08005c8b   Thumb Code     0  startup_stm32f10x_hd.o(.text)
    DMA1_Channel5_IRQHandler                 0x08005c8b   Thumb Code     0  startup_stm32f10x_hd.o(.text)
    DMA1_Channel6_IRQHandler                 0x08005c8b   Thumb Code     0  startup_stm32f10x_hd.o(.text)
    DMA1_Channel7_IRQHandler                 0x08005c8b   Thumb Code     0  startup_stm32f10x_hd.o(.text)
    DMA2_Channel1_IRQHandler                 0x08005c8b   Thumb Code     0  startup_stm32f10x_hd.o(.text)
    DMA2_Channel2_IRQHandler                 0x08005c8b   Thumb Code     0  startup_stm32f10x_hd.o(.text)
    DMA2_Channel3_IRQHandler                 0x08005c8b   Thumb Code     0  startup_stm32f10x_hd.o(.text)
    DMA2_Channel4_5_IRQHandler               0x08005c8b   Thumb Code     0  startup_stm32f10x_hd.o(.text)
    EXTI0_IRQHandler                         0x08005c8b   Thumb Code     0  startup_stm32f10x_hd.o(.text)
    EXTI15_10_IRQHandler                     0x08005c8b   Thumb Code     0  startup_stm32f10x_hd.o(.text)
    EXTI1_IRQHandler                         0x08005c8b   Thumb Code     0  startup_stm32f10x_hd.o(.text)
    EXTI2_IRQHandler                         0x08005c8b   Thumb Code     0  startup_stm32f10x_hd.o(.text)
    EXTI3_IRQHandler                         0x08005c8b   Thumb Code     0  startup_stm32f10x_hd.o(.text)
    EXTI4_IRQHandler                         0x08005c8b   Thumb Code     0  startup_stm32f10x_hd.o(.text)
    EXTI9_5_IRQHandler                       0x08005c8b   Thumb Code     0  startup_stm32f10x_hd.o(.text)
    FLASH_IRQHandler                         0x08005c8b   Thumb Code     0  startup_stm32f10x_hd.o(.text)
    FSMC_IRQHandler                          0x08005c8b   Thumb Code     0  startup_stm32f10x_hd.o(.text)
    I2C1_ER_IRQHandler                       0x08005c8b   Thumb Code     0  startup_stm32f10x_hd.o(.text)
    I2C1_EV_IRQHandler                       0x08005c8b   Thumb Code     0  startup_stm32f10x_hd.o(.text)
    I2C2_ER_IRQHandler                       0x08005c8b   Thumb Code     0  startup_stm32f10x_hd.o(.text)
    I2C2_EV_IRQHandler                       0x08005c8b   Thumb Code     0  startup_stm32f10x_hd.o(.text)
    PVD_IRQHandler                           0x08005c8b   Thumb Code     0  startup_stm32f10x_hd.o(.text)
    RCC_IRQHandler                           0x08005c8b   Thumb Code     0  startup_stm32f10x_hd.o(.text)
    RTCAlarm_IRQHandler                      0x08005c8b   Thumb Code     0  startup_stm32f10x_hd.o(.text)
    SDIO_IRQHandler                          0x08005c8b   Thumb Code     0  startup_stm32f10x_hd.o(.text)
    SPI1_IRQHandler                          0x08005c8b   Thumb Code     0  startup_stm32f10x_hd.o(.text)
    SPI2_IRQHandler                          0x08005c8b   Thumb Code     0  startup_stm32f10x_hd.o(.text)
    SPI3_IRQHandler                          0x08005c8b   Thumb Code     0  startup_stm32f10x_hd.o(.text)
    TAMPER_IRQHandler                        0x08005c8b   Thumb Code     0  startup_stm32f10x_hd.o(.text)
    TIM1_BRK_IRQHandler                      0x08005c8b   Thumb Code     0  startup_stm32f10x_hd.o(.text)
    TIM1_CC_IRQHandler                       0x08005c8b   Thumb Code     0  startup_stm32f10x_hd.o(.text)
    TIM1_TRG_COM_IRQHandler                  0x08005c8b   Thumb Code     0  startup_stm32f10x_hd.o(.text)
    TIM1_UP_IRQHandler                       0x08005c8b   Thumb Code     0  startup_stm32f10x_hd.o(.text)
    TIM2_IRQHandler                          0x08005c8b   Thumb Code     0  startup_stm32f10x_hd.o(.text)
    TIM3_IRQHandler                          0x08005c8b   Thumb Code     0  startup_stm32f10x_hd.o(.text)
    TIM5_IRQHandler                          0x08005c8b   Thumb Code     0  startup_stm32f10x_hd.o(.text)
    TIM6_IRQHandler                          0x08005c8b   Thumb Code     0  startup_stm32f10x_hd.o(.text)
    TIM7_IRQHandler                          0x08005c8b   Thumb Code     0  startup_stm32f10x_hd.o(.text)
    TIM8_BRK_IRQHandler                      0x08005c8b   Thumb Code     0  startup_stm32f10x_hd.o(.text)
    TIM8_CC_IRQHandler                       0x08005c8b   Thumb Code     0  startup_stm32f10x_hd.o(.text)
    TIM8_TRG_COM_IRQHandler                  0x08005c8b   Thumb Code     0  startup_stm32f10x_hd.o(.text)
    TIM8_UP_IRQHandler                       0x08005c8b   Thumb Code     0  startup_stm32f10x_hd.o(.text)
    UART4_IRQHandler                         0x08005c8b   Thumb Code     0  startup_stm32f10x_hd.o(.text)
    UART5_IRQHandler                         0x08005c8b   Thumb Code     0  startup_stm32f10x_hd.o(.text)
    USART2_IRQHandler                        0x08005c8b   Thumb Code     0  startup_stm32f10x_hd.o(.text)
    USART3_IRQHandler                        0x08005c8b   Thumb Code     0  startup_stm32f10x_hd.o(.text)
    USBWakeUp_IRQHandler                     0x08005c8b   Thumb Code     0  startup_stm32f10x_hd.o(.text)
    USB_HP_CAN1_TX_IRQHandler                0x08005c8b   Thumb Code     0  startup_stm32f10x_hd.o(.text)
    USB_LP_CAN1_RX0_IRQHandler               0x08005c8b   Thumb Code     0  startup_stm32f10x_hd.o(.text)
    WWDG_IRQHandler                          0x08005c8b   Thumb Code     0  startup_stm32f10x_hd.o(.text)
    __user_initial_stackheap                 0x08005c8d   Thumb Code     0  startup_stm32f10x_hd.o(.text)
    NVIC_PriorityGroupConfig                 0x08005cb1   Thumb Code    10  misc.o(.text)
    NVIC_Init                                0x08005cbb   Thumb Code   100  misc.o(.text)
    NVIC_SetVectorTable                      0x08005d1f   Thumb Code    14  misc.o(.text)
    NVIC_SystemLPConfig                      0x08005d2d   Thumb Code    34  misc.o(.text)
    SysTick_CLKSourceConfig                  0x08005d4f   Thumb Code    40  misc.o(.text)
    BKP_DeInit                               0x08005d8d   Thumb Code    16  stm32f10x_bkp.o(.text)
    BKP_TamperPinLevelConfig                 0x08005d9d   Thumb Code     6  stm32f10x_bkp.o(.text)
    BKP_TamperPinCmd                         0x08005da3   Thumb Code     8  stm32f10x_bkp.o(.text)
    BKP_ITConfig                             0x08005dab   Thumb Code     8  stm32f10x_bkp.o(.text)
    BKP_RTCOutputConfig                      0x08005db3   Thumb Code    22  stm32f10x_bkp.o(.text)
    BKP_SetRTCCalibrationValue               0x08005dc9   Thumb Code    22  stm32f10x_bkp.o(.text)
    BKP_WriteBackupRegister                  0x08005ddf   Thumb Code    24  stm32f10x_bkp.o(.text)
    BKP_ReadBackupRegister                   0x08005df7   Thumb Code    26  stm32f10x_bkp.o(.text)
    BKP_GetFlagStatus                        0x08005e11   Thumb Code    10  stm32f10x_bkp.o(.text)
    BKP_ClearFlag                            0x08005e1b   Thumb Code    18  stm32f10x_bkp.o(.text)
    BKP_GetITStatus                          0x08005e2d   Thumb Code    10  stm32f10x_bkp.o(.text)
    BKP_ClearITPendingBit                    0x08005e37   Thumb Code    18  stm32f10x_bkp.o(.text)
    FSMC_NORSRAMDeInit                       0x08005e51   Thumb Code    54  stm32f10x_fsmc.o(.text)
    FSMC_NANDDeInit                          0x08005e87   Thumb Code    62  stm32f10x_fsmc.o(.text)
    FSMC_PCCARDDeInit                        0x08005ec5   Thumb Code    36  stm32f10x_fsmc.o(.text)
    FSMC_NORSRAMInit                         0x08005ee9   Thumb Code   230  stm32f10x_fsmc.o(.text)
    FSMC_NANDInit                            0x08005fcf   Thumb Code   132  stm32f10x_fsmc.o(.text)
    FSMC_PCCARDInit                          0x08006053   Thumb Code   130  stm32f10x_fsmc.o(.text)
    FSMC_NORSRAMStructInit                   0x080060d5   Thumb Code   114  stm32f10x_fsmc.o(.text)
    FSMC_NANDStructInit                      0x08006147   Thumb Code    54  stm32f10x_fsmc.o(.text)
    FSMC_PCCARDStructInit                    0x0800617d   Thumb Code    60  stm32f10x_fsmc.o(.text)
    FSMC_NORSRAMCmd                          0x080061b9   Thumb Code    46  stm32f10x_fsmc.o(.text)
    FSMC_NANDCmd                             0x080061e7   Thumb Code    86  stm32f10x_fsmc.o(.text)
    FSMC_PCCARDCmd                           0x0800623d   Thumb Code    44  stm32f10x_fsmc.o(.text)
    FSMC_NANDECCCmd                          0x08006269   Thumb Code    90  stm32f10x_fsmc.o(.text)
    FSMC_GetECC                              0x080062c3   Thumb Code    24  stm32f10x_fsmc.o(.text)
    FSMC_ITConfig                            0x080062db   Thumb Code   128  stm32f10x_fsmc.o(.text)
    FSMC_GetFlagStatus                       0x0800635b   Thumb Code    54  stm32f10x_fsmc.o(.text)
    FSMC_ClearFlag                           0x08006391   Thumb Code    62  stm32f10x_fsmc.o(.text)
    FSMC_GetITStatus                         0x080063cf   Thumb Code    64  stm32f10x_fsmc.o(.text)
    FSMC_ClearITPendingBit                   0x0800640f   Thumb Code    68  stm32f10x_fsmc.o(.text)
    GPIO_DeInit                              0x0800645d   Thumb Code   172  stm32f10x_gpio.o(.text)
    GPIO_AFIODeInit                          0x08006509   Thumb Code    20  stm32f10x_gpio.o(.text)
    GPIO_Init                                0x0800651d   Thumb Code   278  stm32f10x_gpio.o(.text)
    GPIO_StructInit                          0x08006633   Thumb Code    16  stm32f10x_gpio.o(.text)
    GPIO_ReadInputDataBit                    0x08006643   Thumb Code    18  stm32f10x_gpio.o(.text)
    GPIO_ReadInputData                       0x08006655   Thumb Code     8  stm32f10x_gpio.o(.text)
    GPIO_ReadOutputDataBit                   0x0800665d   Thumb Code    18  stm32f10x_gpio.o(.text)
    GPIO_ReadOutputData                      0x0800666f   Thumb Code     8  stm32f10x_gpio.o(.text)
    GPIO_SetBits                             0x08006677   Thumb Code     4  stm32f10x_gpio.o(.text)
    GPIO_ResetBits                           0x0800667b   Thumb Code     4  stm32f10x_gpio.o(.text)
    GPIO_WriteBit                            0x0800667f   Thumb Code    10  stm32f10x_gpio.o(.text)
    GPIO_Write                               0x08006689   Thumb Code     4  stm32f10x_gpio.o(.text)
    GPIO_PinLockConfig                       0x0800668d   Thumb Code    18  stm32f10x_gpio.o(.text)
    GPIO_EventOutputConfig                   0x0800669f   Thumb Code    26  stm32f10x_gpio.o(.text)
    GPIO_EventOutputCmd                      0x080066b9   Thumb Code     6  stm32f10x_gpio.o(.text)
    GPIO_PinRemapConfig                      0x080066bf   Thumb Code   138  stm32f10x_gpio.o(.text)
    GPIO_EXTILineConfig                      0x08006749   Thumb Code    66  stm32f10x_gpio.o(.text)
    GPIO_ETH_MediaInterfaceConfig            0x0800678b   Thumb Code     8  stm32f10x_gpio.o(.text)
    PWR_DeInit                               0x080067b9   Thumb Code    22  stm32f10x_pwr.o(.text)
    PWR_BackupAccessCmd                      0x080067cf   Thumb Code     6  stm32f10x_pwr.o(.text)
    PWR_PVDCmd                               0x080067d5   Thumb Code     6  stm32f10x_pwr.o(.text)
    PWR_PVDLevelConfig                       0x080067db   Thumb Code    18  stm32f10x_pwr.o(.text)
    PWR_WakeUpPinCmd                         0x080067ed   Thumb Code     8  stm32f10x_pwr.o(.text)
    PWR_EnterSTOPMode                        0x080067f5   Thumb Code    54  stm32f10x_pwr.o(.text)
    PWR_EnterSTANDBYMode                     0x0800682b   Thumb Code    42  stm32f10x_pwr.o(.text)
    PWR_GetFlagStatus                        0x08006855   Thumb Code    20  stm32f10x_pwr.o(.text)
    PWR_ClearFlag                            0x08006869   Thumb Code    14  stm32f10x_pwr.o(.text)
    RCC_DeInit                               0x08006885   Thumb Code    64  stm32f10x_rcc.o(.text)
    RCC_HSEConfig                            0x080068c5   Thumb Code    70  stm32f10x_rcc.o(.text)
    RCC_GetFlagStatus                        0x0800690b   Thumb Code    56  stm32f10x_rcc.o(.text)
    RCC_WaitForHSEStartUp                    0x08006943   Thumb Code    56  stm32f10x_rcc.o(.text)
    RCC_AdjustHSICalibrationValue            0x0800697b   Thumb Code    20  stm32f10x_rcc.o(.text)
    RCC_HSICmd                               0x0800698f   Thumb Code     6  stm32f10x_rcc.o(.text)
    RCC_PLLConfig                            0x08006995   Thumb Code    24  stm32f10x_rcc.o(.text)
    RCC_PLLCmd                               0x080069ad   Thumb Code     6  stm32f10x_rcc.o(.text)
    RCC_SYSCLKConfig                         0x080069b3   Thumb Code    18  stm32f10x_rcc.o(.text)
    RCC_GetSYSCLKSource                      0x080069c5   Thumb Code    10  stm32f10x_rcc.o(.text)
    RCC_HCLKConfig                           0x080069cf   Thumb Code    18  stm32f10x_rcc.o(.text)
    RCC_PCLK1Config                          0x080069e1   Thumb Code    18  stm32f10x_rcc.o(.text)
    RCC_PCLK2Config                          0x080069f3   Thumb Code    20  stm32f10x_rcc.o(.text)
    RCC_ITConfig                             0x08006a07   Thumb Code    26  stm32f10x_rcc.o(.text)
    RCC_USBCLKConfig                         0x08006a21   Thumb Code     8  stm32f10x_rcc.o(.text)
    RCC_ADCCLKConfig                         0x08006a29   Thumb Code    18  stm32f10x_rcc.o(.text)
    RCC_LSEConfig                            0x08006a3b   Thumb Code    50  stm32f10x_rcc.o(.text)
    RCC_LSICmd                               0x08006a6d   Thumb Code     6  stm32f10x_rcc.o(.text)
    RCC_RTCCLKConfig                         0x08006a73   Thumb Code    12  stm32f10x_rcc.o(.text)
    RCC_RTCCLKCmd                            0x08006a7f   Thumb Code     8  stm32f10x_rcc.o(.text)
    RCC_GetClocksFreq                        0x08006a87   Thumb Code   192  stm32f10x_rcc.o(.text)
    RCC_AHBPeriphClockCmd                    0x08006b47   Thumb Code    26  stm32f10x_rcc.o(.text)
    RCC_APB2PeriphClockCmd                   0x08006b61   Thumb Code    26  stm32f10x_rcc.o(.text)
    RCC_APB1PeriphClockCmd                   0x08006b7b   Thumb Code    26  stm32f10x_rcc.o(.text)
    RCC_APB2PeriphResetCmd                   0x08006b95   Thumb Code    26  stm32f10x_rcc.o(.text)
    RCC_APB1PeriphResetCmd                   0x08006baf   Thumb Code    26  stm32f10x_rcc.o(.text)
    RCC_BackupResetCmd                       0x08006bc9   Thumb Code     8  stm32f10x_rcc.o(.text)
    RCC_ClockSecuritySystemCmd               0x08006bd1   Thumb Code     6  stm32f10x_rcc.o(.text)
    RCC_MCOConfig                            0x08006bd7   Thumb Code     6  stm32f10x_rcc.o(.text)
    RCC_ClearFlag                            0x08006bdd   Thumb Code    14  stm32f10x_rcc.o(.text)
    RCC_GetITStatus                          0x08006beb   Thumb Code    20  stm32f10x_rcc.o(.text)
    RCC_ClearITPendingBit                    0x08006bff   Thumb Code     6  stm32f10x_rcc.o(.text)
    USART_DeInit                             0x08006c29   Thumb Code   134  stm32f10x_usart.o(.text)
    USART_Init                               0x08006caf   Thumb Code   210  stm32f10x_usart.o(.text)
    USART_StructInit                         0x08006d81   Thumb Code    24  stm32f10x_usart.o(.text)
    USART_ClockInit                          0x08006d99   Thumb Code    34  stm32f10x_usart.o(.text)
    USART_ClockStructInit                    0x08006dbb   Thumb Code    12  stm32f10x_usart.o(.text)
    USART_Cmd                                0x08006dc7   Thumb Code    24  stm32f10x_usart.o(.text)
    USART_ITConfig                           0x08006ddf   Thumb Code    74  stm32f10x_usart.o(.text)
    USART_DMACmd                             0x08006e29   Thumb Code    18  stm32f10x_usart.o(.text)
    USART_SetAddress                         0x08006e3b   Thumb Code    18  stm32f10x_usart.o(.text)
    USART_WakeUpConfig                       0x08006e4d   Thumb Code    18  stm32f10x_usart.o(.text)
    USART_ReceiverWakeUpCmd                  0x08006e5f   Thumb Code    24  stm32f10x_usart.o(.text)
    USART_LINBreakDetectLengthConfig         0x08006e77   Thumb Code    18  stm32f10x_usart.o(.text)
    USART_LINCmd                             0x08006e89   Thumb Code    24  stm32f10x_usart.o(.text)
    USART_SendData                           0x08006ea1   Thumb Code     8  stm32f10x_usart.o(.text)
    USART_ReceiveData                        0x08006ea9   Thumb Code    10  stm32f10x_usart.o(.text)
    USART_SendBreak                          0x08006eb3   Thumb Code    10  stm32f10x_usart.o(.text)
    USART_SetGuardTime                       0x08006ebd   Thumb Code    16  stm32f10x_usart.o(.text)
    USART_SetPrescaler                       0x08006ecd   Thumb Code    16  stm32f10x_usart.o(.text)
    USART_SmartCardCmd                       0x08006edd   Thumb Code    24  stm32f10x_usart.o(.text)
    USART_SmartCardNACKCmd                   0x08006ef5   Thumb Code    24  stm32f10x_usart.o(.text)
    USART_HalfDuplexCmd                      0x08006f0d   Thumb Code    24  stm32f10x_usart.o(.text)
    USART_OverSampling8Cmd                   0x08006f25   Thumb Code    22  stm32f10x_usart.o(.text)
    USART_OneBitMethodCmd                    0x08006f3b   Thumb Code    24  stm32f10x_usart.o(.text)
    USART_IrDAConfig                         0x08006f53   Thumb Code    18  stm32f10x_usart.o(.text)
    USART_IrDACmd                            0x08006f65   Thumb Code    24  stm32f10x_usart.o(.text)
    USART_GetFlagStatus                      0x08006f7d   Thumb Code    26  stm32f10x_usart.o(.text)
    USART_ClearFlag                          0x08006f97   Thumb Code    18  stm32f10x_usart.o(.text)
    USART_GetITStatus                        0x08006fa9   Thumb Code    84  stm32f10x_usart.o(.text)
    USART_ClearITPendingBit                  0x08006ffd   Thumb Code    52  stm32f10x_usart.o(.text)
    RTC_ITConfig                             0x08007031   Thumb Code    26  stm32f10x_rtc.o(.text)
    RTC_EnterConfigMode                      0x0800704b   Thumb Code    18  stm32f10x_rtc.o(.text)
    RTC_ExitConfigMode                       0x0800705d   Thumb Code    20  stm32f10x_rtc.o(.text)
    RTC_GetCounter                           0x08007071   Thumb Code    18  stm32f10x_rtc.o(.text)
    RTC_SetCounter                           0x08007083   Thumb Code    26  stm32f10x_rtc.o(.text)
    RTC_SetPrescaler                         0x0800709d   Thumb Code    28  stm32f10x_rtc.o(.text)
    RTC_SetAlarm                             0x080070b9   Thumb Code    26  stm32f10x_rtc.o(.text)
    RTC_GetDivider                           0x080070d3   Thumb Code    22  stm32f10x_rtc.o(.text)
    RTC_WaitForLastTask                      0x080070e9   Thumb Code    18  stm32f10x_rtc.o(.text)
    RTC_WaitForSynchro                       0x080070fb   Thumb Code    36  stm32f10x_rtc.o(.text)
    RTC_GetFlagStatus                        0x0800711f   Thumb Code    22  stm32f10x_rtc.o(.text)
    RTC_ClearFlag                            0x08007135   Thumb Code    16  stm32f10x_rtc.o(.text)
    RTC_GetITStatus                          0x08007145   Thumb Code    32  stm32f10x_rtc.o(.text)
    RTC_ClearITPendingBit                    0x08007165   Thumb Code    16  stm32f10x_rtc.o(.text)
    TIM_DeInit                               0x08007179   Thumb Code   424  stm32f10x_tim.o(.text)
    TIM_TimeBaseInit                         0x08007321   Thumb Code   122  stm32f10x_tim.o(.text)
    TIM_OC1Init                              0x0800739b   Thumb Code   132  stm32f10x_tim.o(.text)
    TIM_OC2Init                              0x0800741f   Thumb Code   154  stm32f10x_tim.o(.text)
    TIM_OC3Init                              0x080074b9   Thumb Code   150  stm32f10x_tim.o(.text)
    TIM_OC4Init                              0x0800754f   Thumb Code   182  stm32f10x_tim.o(.text)
    TIM_SetIC4Prescaler                      0x08007605   Thumb Code    26  stm32f10x_tim.o(.text)
    TIM_SetIC3Prescaler                      0x080076a1   Thumb Code    18  stm32f10x_tim.o(.text)
    TIM_SetIC2Prescaler                      0x0800772d   Thumb Code    26  stm32f10x_tim.o(.text)
    TIM_SetIC1Prescaler                      0x080077c9   Thumb Code    18  stm32f10x_tim.o(.text)
    TIM_ICInit                               0x08007847   Thumb Code   150  stm32f10x_tim.o(.text)
    TIM_PWMIConfig                           0x080078dd   Thumb Code   124  stm32f10x_tim.o(.text)
    TIM_BDTRConfig                           0x08007959   Thumb Code    32  stm32f10x_tim.o(.text)
    TIM_TimeBaseStructInit                   0x08007979   Thumb Code    18  stm32f10x_tim.o(.text)
    TIM_OCStructInit                         0x0800798b   Thumb Code    20  stm32f10x_tim.o(.text)
    TIM_ICStructInit                         0x0800799f   Thumb Code    18  stm32f10x_tim.o(.text)
    TIM_BDTRStructInit                       0x080079b1   Thumb Code    40  stm32f10x_tim.o(.text)
    TIM_Cmd                                  0x080079d9   Thumb Code    24  stm32f10x_tim.o(.text)
    TIM_CtrlPWMOutputs                       0x080079f1   Thumb Code    30  stm32f10x_tim.o(.text)
    TIM_ITConfig                             0x08007a0f   Thumb Code    18  stm32f10x_tim.o(.text)
    TIM_GenerateEvent                        0x08007a21   Thumb Code     4  stm32f10x_tim.o(.text)
    TIM_DMAConfig                            0x08007a25   Thumb Code    10  stm32f10x_tim.o(.text)
    TIM_DMACmd                               0x08007a2f   Thumb Code    18  stm32f10x_tim.o(.text)
    TIM_InternalClockConfig                  0x08007a41   Thumb Code    12  stm32f10x_tim.o(.text)
    TIM_SelectInputTrigger                   0x08007a4d   Thumb Code    18  stm32f10x_tim.o(.text)
    TIM_ITRxExternalClockConfig              0x08007a5f   Thumb Code    24  stm32f10x_tim.o(.text)
    TIM_TIxExternalClockConfig               0x08007a77   Thumb Code    62  stm32f10x_tim.o(.text)
    TIM_ETRConfig                            0x08007ab5   Thumb Code    28  stm32f10x_tim.o(.text)
    TIM_ETRClockMode1Config                  0x08007ad1   Thumb Code    54  stm32f10x_tim.o(.text)
    TIM_ETRClockMode2Config                  0x08007b07   Thumb Code    32  stm32f10x_tim.o(.text)
    TIM_PrescalerConfig                      0x08007b27   Thumb Code     6  stm32f10x_tim.o(.text)
    TIM_CounterModeConfig                    0x08007b2d   Thumb Code    18  stm32f10x_tim.o(.text)
    TIM_EncoderInterfaceConfig               0x08007b3f   Thumb Code    66  stm32f10x_tim.o(.text)
    TIM_ForcedOC1Config                      0x08007b81   Thumb Code    18  stm32f10x_tim.o(.text)
    TIM_ForcedOC2Config                      0x08007b93   Thumb Code    26  stm32f10x_tim.o(.text)
    TIM_ForcedOC3Config                      0x08007bad   Thumb Code    18  stm32f10x_tim.o(.text)
    TIM_ForcedOC4Config                      0x08007bbf   Thumb Code    26  stm32f10x_tim.o(.text)
    TIM_ARRPreloadConfig                     0x08007bd9   Thumb Code    24  stm32f10x_tim.o(.text)
    TIM_SelectCOM                            0x08007bf1   Thumb Code    24  stm32f10x_tim.o(.text)
    TIM_SelectCCDMA                          0x08007c09   Thumb Code    24  stm32f10x_tim.o(.text)
    TIM_CCPreloadControl                     0x08007c21   Thumb Code    24  stm32f10x_tim.o(.text)
    TIM_OC1PreloadConfig                     0x08007c39   Thumb Code    18  stm32f10x_tim.o(.text)
    TIM_OC2PreloadConfig                     0x08007c4b   Thumb Code    26  stm32f10x_tim.o(.text)
    TIM_OC3PreloadConfig                     0x08007c65   Thumb Code    18  stm32f10x_tim.o(.text)
    TIM_OC4PreloadConfig                     0x08007c77   Thumb Code    26  stm32f10x_tim.o(.text)
    TIM_OC1FastConfig                        0x08007c91   Thumb Code    18  stm32f10x_tim.o(.text)
    TIM_OC2FastConfig                        0x08007ca3   Thumb Code    26  stm32f10x_tim.o(.text)
    TIM_OC3FastConfig                        0x08007cbd   Thumb Code    18  stm32f10x_tim.o(.text)
    TIM_OC4FastConfig                        0x08007ccf   Thumb Code    26  stm32f10x_tim.o(.text)
    TIM_ClearOC1Ref                          0x08007ce9   Thumb Code    18  stm32f10x_tim.o(.text)
    TIM_ClearOC2Ref                          0x08007cfb   Thumb Code    24  stm32f10x_tim.o(.text)
    TIM_ClearOC3Ref                          0x08007d13   Thumb Code    18  stm32f10x_tim.o(.text)
    TIM_ClearOC4Ref                          0x08007d25   Thumb Code    24  stm32f10x_tim.o(.text)
    TIM_OC1PolarityConfig                    0x08007d3d   Thumb Code    18  stm32f10x_tim.o(.text)
    TIM_OC1NPolarityConfig                   0x08007d4f   Thumb Code    18  stm32f10x_tim.o(.text)
    TIM_OC2PolarityConfig                    0x08007d61   Thumb Code    26  stm32f10x_tim.o(.text)
    TIM_OC2NPolarityConfig                   0x08007d7b   Thumb Code    26  stm32f10x_tim.o(.text)
    TIM_OC3PolarityConfig                    0x08007d95   Thumb Code    26  stm32f10x_tim.o(.text)
    TIM_OC3NPolarityConfig                   0x08007daf   Thumb Code    26  stm32f10x_tim.o(.text)
    TIM_OC4PolarityConfig                    0x08007dc9   Thumb Code    26  stm32f10x_tim.o(.text)
    TIM_CCxCmd                               0x08007de3   Thumb Code    30  stm32f10x_tim.o(.text)
    TIM_CCxNCmd                              0x08007e01   Thumb Code    30  stm32f10x_tim.o(.text)
    TIM_SelectOCxM                           0x08007e1f   Thumb Code    82  stm32f10x_tim.o(.text)
    TIM_UpdateDisableConfig                  0x08007e71   Thumb Code    24  stm32f10x_tim.o(.text)
    TIM_UpdateRequestConfig                  0x08007e89   Thumb Code    24  stm32f10x_tim.o(.text)
    TIM_SelectHallSensor                     0x08007ea1   Thumb Code    24  stm32f10x_tim.o(.text)
    TIM_SelectOnePulseMode                   0x08007eb9   Thumb Code    18  stm32f10x_tim.o(.text)
    TIM_SelectOutputTrigger                  0x08007ecb   Thumb Code    18  stm32f10x_tim.o(.text)
    TIM_SelectSlaveMode                      0x08007edd   Thumb Code    18  stm32f10x_tim.o(.text)
    TIM_SelectMasterSlaveMode                0x08007eef   Thumb Code    18  stm32f10x_tim.o(.text)
    TIM_SetCounter                           0x08007f01   Thumb Code     4  stm32f10x_tim.o(.text)
    TIM_SetAutoreload                        0x08007f05   Thumb Code     4  stm32f10x_tim.o(.text)
    TIM_SetCompare1                          0x08007f09   Thumb Code     4  stm32f10x_tim.o(.text)
    TIM_SetCompare2                          0x08007f0d   Thumb Code     4  stm32f10x_tim.o(.text)
    TIM_SetCompare3                          0x08007f11   Thumb Code     4  stm32f10x_tim.o(.text)
    TIM_SetCompare4                          0x08007f15   Thumb Code     6  stm32f10x_tim.o(.text)
    TIM_SetClockDivision                     0x08007f1b   Thumb Code    18  stm32f10x_tim.o(.text)
    TIM_GetCapture1                          0x08007f2d   Thumb Code     6  stm32f10x_tim.o(.text)
    TIM_GetCapture2                          0x08007f33   Thumb Code     6  stm32f10x_tim.o(.text)
    TIM_GetCapture3                          0x08007f39   Thumb Code     6  stm32f10x_tim.o(.text)
    TIM_GetCapture4                          0x08007f3f   Thumb Code     8  stm32f10x_tim.o(.text)
    TIM_GetCounter                           0x08007f47   Thumb Code     6  stm32f10x_tim.o(.text)
    TIM_GetPrescaler                         0x08007f4d   Thumb Code     6  stm32f10x_tim.o(.text)
    TIM_GetFlagStatus                        0x08007f53   Thumb Code    18  stm32f10x_tim.o(.text)
    TIM_ClearFlag                            0x08007f65   Thumb Code     6  stm32f10x_tim.o(.text)
    TIM_GetITStatus                          0x08007f6b   Thumb Code    34  stm32f10x_tim.o(.text)
    TIM_ClearITPendingBit                    0x08007f8d   Thumb Code     6  stm32f10x_tim.o(.text)
    usmart_sys_cmd_exe                       0x08007f95   Thumb Code  1554  usmart.o(.text)
    usmart_reset_runtime                     0x080085a7   Thumb Code    38  usmart.o(.text)
    usmart_get_runtime                       0x080085cd   Thumb Code    60  usmart.o(.text)
    TIM4_IRQHandler                          0x08008609   Thumb Code    46  usmart.o(.text)
    Timer4_Init                              0x08008637   Thumb Code    88  usmart.o(.text)
    usmart_init                              0x0800868f   Thumb Code    36  usmart.o(.text)
    usmart_cmd_rec                           0x080086b3   Thumb Code   170  usmart.o(.text)
    usmart_exe                               0x0800875d   Thumb Code   870  usmart.o(.text)
    usmart_scan                              0x08008ac3   Thumb Code   120  usmart.o(.text)
    read_addr                                0x08008b3b   Thumb Code     6  usmart.o(.text)
    write_addr                               0x08008b41   Thumb Code     4  usmart.o(.text)
    usmart_strcmp                            0x08008bcd   Thumb Code    34  usmart_str.o(.text)
    usmart_strcopy                           0x08008bef   Thumb Code    22  usmart_str.o(.text)
    usmart_strlen                            0x08008c05   Thumb Code    24  usmart_str.o(.text)
    usmart_pow                               0x08008c1d   Thumb Code    22  usmart_str.o(.text)
    usmart_str2num                           0x08008c33   Thumb Code   202  usmart_str.o(.text)
    usmart_get_cmdname                       0x08008cfd   Thumb Code    54  usmart_str.o(.text)
    usmart_search_nextc                      0x08008d33   Thumb Code    22  usmart_str.o(.text)
    usmart_get_fname                         0x08008d49   Thumb Code   440  usmart_str.o(.text)
    usmart_get_aparm                         0x08008f01   Thumb Code   200  usmart_str.o(.text)
    usmart_get_parmpos                       0x08008fc9   Thumb Code    26  usmart_str.o(.text)
    usmart_get_fparam                        0x08008fe3   Thumb Code   262  usmart_str.o(.text)
    __use_no_semihosting                     0x080090f5   Thumb Code     2  use_no_semi_2.o(.text)
    __2printf                                0x080090f9   Thumb Code    20  noretval__2printf.o(.text)
    _printf_pre_padding                      0x08009111   Thumb Code    44  _printf_pad.o(.text)
    _printf_post_padding                     0x0800913d   Thumb Code    34  _printf_pad.o(.text)
    _printf_str                              0x0800915f   Thumb Code    82  _printf_str.o(.text)
    _printf_int_dec                          0x080091b1   Thumb Code   104  _printf_dec.o(.text)
    _printf_int_hex                          0x08009229   Thumb Code    84  _printf_hex_int.o(.text)
    _printf_longlong_hex                     0x08009229   Thumb Code     0  _printf_hex_int.o(.text)
    __printf                                 0x08009281   Thumb Code   388  __printf_flags_ss_wp.o(.text)
    __use_two_region_memory                  0x08009409   Thumb Code     2  heapauxi.o(.text)
    __rt_heap_escrow$2region                 0x0800940b   Thumb Code     2  heapauxi.o(.text)
    __rt_heap_expand$2region                 0x0800940d   Thumb Code     2  heapauxi.o(.text)
    __I$use$semihosting                      0x0800940f   Thumb Code     0  use_no_semi.o(.text)
    __use_no_semihosting_swi                 0x0800940f   Thumb Code     2  use_no_semi.o(.text)
    _printf_int_common                       0x08009411   Thumb Code   178  _printf_intcommon.o(.text)
    _printf_cs_common                        0x080094c3   Thumb Code    20  _printf_char.o(.text)
    _printf_char                             0x080094d7   Thumb Code    16  _printf_char.o(.text)
    _printf_string                           0x080094e7   Thumb Code     8  _printf_char.o(.text)
    _printf_char_file                        0x080094f1   Thumb Code    32  _printf_char_file.o(.text)
    _printf_char_common                      0x0800951f   Thumb Code    32  _printf_char_common.o(.text)
    ferror                                   0x08009545   Thumb Code     8  ferror.o(.text)
    __user_setup_stackheap                   0x0800954d   Thumb Code    74  sys_stackheap_outer.o(.text)
    exit                                     0x08009597   Thumb Code    18  exit.o(.text)
    __user_libspace                          0x080095a9   Thumb Code     8  libspace.o(.text)
    __user_perproc_libspace                  0x080095a9   Thumb Code     0  libspace.o(.text)
    __user_perthread_libspace                0x080095a9   Thumb Code     0  libspace.o(.text)
    _is_digit                                0x080095b1   Thumb Code    14  __printf_wp.o(i._is_digit)
    __aeabi_d2uiz                            0x080095c1   Thumb Code     0  dfixu.o(x$fpl$dfixu)
    _dfixu                                   0x080095c1   Thumb Code    90  dfixu.o(x$fpl$dfixu)
    __aeabi_ui2d                             0x0800961b   Thumb Code     0  dflt_clz.o(x$fpl$dfltu)
    _dfltu                                   0x0800961b   Thumb Code    38  dflt_clz.o(x$fpl$dfltu)
    __aeabi_dmul                             0x08009641   Thumb Code     0  dmul.o(x$fpl$dmul)
    _dmul                                    0x08009641   Thumb Code   332  dmul.o(x$fpl$dmul)
    __fpl_dnaninf                            0x08009795   Thumb Code   156  dnaninf.o(x$fpl$dnaninf)
    __fpl_dretinf                            0x08009831   Thumb Code    12  dretinf.o(x$fpl$dretinf)
    __I$use$fp                               0x0800983c   Number         0  usenofp.o(x$fpl$usenofp)
    asc2_1206                                0x0800983c   Data        1140  lcd.o(.constdata)
    asc2_1608                                0x08009cb0   Data        1520  lcd.o(.constdata)
    asc2_2412                                0x0800a2a0   Data        3420  lcd.o(.constdata)
    table_week                               0x0800affc   Data          12  rtc.o(.constdata)
    mon_table                                0x0800b008   Data          12  rtc.o(.constdata)
    Region$$Table$$Base                      0x0800b120   Number         0  anon$$obj.o(Region$$Table)
    Region$$Table$$Limit                     0x0800b140   Number         0  anon$$obj.o(Region$$Table)
    SystemCoreClock                          0x20000000   Data           4  system_stm32f10x.o(.data)
    AHBPrescTable                            0x20000004   Data          16  system_stm32f10x.o(.data)
    POINT_COLOR                              0x20000016   Data           2  lcd.o(.data)
    BACK_COLOR                               0x20000018   Data           2  lcd.o(.data)
    __stdout                                 0x20000020   Data           4  usart.o(.data)
    USART_RX_STA                             0x20000024   Data           2  usart.o(.data)
    sys_cmd_tab                              0x2000003c   Data          28  usmart.o(.data)
    usmart_nametab                           0x20000058   Data          40  usmart_config.o(.data)
    usmart_dev                               0x20000080   Data         244  usmart_config.o(.data)
    lcddev                                   0x20000174   Data          14  lcd.o(.bss)
    calendar                                 0x20000182   Data          10  rtc.o(.bss)
    USART_RX_BUF                             0x2000018c   Data         200  usart.o(.bss)
    __libspace_start                         0x20000254   Data          96  libspace.o(.bss)
    __temporary_stack_top$libspace           0x200002b4   Data           0  libspace.o(.bss)



==============================================================================

Memory Map of the image

  Image Entry point : 0x08000131

  Load Region LR_IROM1 (Base: 0x08000000, Size: 0x0000b2b4, Max: 0x00080000, ABSOLUTE, COMPRESSED[0x0000b1ac])

    Execution Region ER_IROM1 (Base: 0x08000000, Size: 0x0000b140, Max: 0x00080000, ABSOLUTE)

    Base Addr    Size         Type   Attr      Idx    E Section Name        Object

    0x08000000   0x00000130   Data   RO          336    RESET               startup_stm32f10x_hd.o
    0x08000130   0x00000008   Code   RO          584  * !!!main             c_w.l(__main.o)
    0x08000138   0x00000034   Code   RO          773    !!!scatter          c_w.l(__scatter.o)
    0x0800016c   0x0000005a   Code   RO          771    !!dczerorl2         c_w.l(__dczerorl2.o)
    0x080001c6   0x00000002   PAD
    0x080001c8   0x0000001c   Code   RO          775    !!handler_zi        c_w.l(__scatter_zi.o)
    0x080001e4   0x00000000   Code   RO          581    .ARM.Collect$$_printf_percent$$00000000  c_w.l(_printf_percent.o)
    0x080001e4   0x00000006   Code   RO          579    .ARM.Collect$$_printf_percent$$00000009  c_w.l(_printf_d.o)
    0x080001ea   0x00000006   Code   RO          580    .ARM.Collect$$_printf_percent$$0000000A  c_w.l(_printf_u.o)
    0x080001f0   0x00000006   Code   RO          578    .ARM.Collect$$_printf_percent$$0000000C  c_w.l(_printf_x.o)
    0x080001f6   0x00000006   Code   RO          576    .ARM.Collect$$_printf_percent$$00000013  c_w.l(_printf_c.o)
    0x080001fc   0x00000006   Code   RO          577    .ARM.Collect$$_printf_percent$$00000014  c_w.l(_printf_s.o)
    0x08000202   0x00000004   Code   RO          607    .ARM.Collect$$_printf_percent$$00000017  c_w.l(_printf_percent_end.o)
    0x08000206   0x00000002   Code   RO          645    .ARM.Collect$$libinit$$00000000  c_w.l(libinit.o)
    0x08000208   0x00000000   Code   RO          652    .ARM.Collect$$libinit$$00000002  c_w.l(libinit2.o)
    0x08000208   0x00000000   Code   RO          654    .ARM.Collect$$libinit$$00000004  c_w.l(libinit2.o)
    0x08000208   0x00000000   Code   RO          657    .ARM.Collect$$libinit$$0000000A  c_w.l(libinit2.o)
    0x08000208   0x00000000   Code   RO          659    .ARM.Collect$$libinit$$0000000C  c_w.l(libinit2.o)
    0x08000208   0x00000000   Code   RO          661    .ARM.Collect$$libinit$$0000000E  c_w.l(libinit2.o)
    0x08000208   0x00000000   Code   RO          664    .ARM.Collect$$libinit$$00000011  c_w.l(libinit2.o)
    0x08000208   0x00000000   Code   RO          666    .ARM.Collect$$libinit$$00000013  c_w.l(libinit2.o)
    0x08000208   0x00000000   Code   RO          668    .ARM.Collect$$libinit$$00000015  c_w.l(libinit2.o)
    0x08000208   0x00000000   Code   RO          670    .ARM.Collect$$libinit$$00000017  c_w.l(libinit2.o)
    0x08000208   0x00000000   Code   RO          672    .ARM.Collect$$libinit$$00000019  c_w.l(libinit2.o)
    0x08000208   0x00000000   Code   RO          674    .ARM.Collect$$libinit$$0000001B  c_w.l(libinit2.o)
    0x08000208   0x00000000   Code   RO          676    .ARM.Collect$$libinit$$0000001D  c_w.l(libinit2.o)
    0x08000208   0x00000000   Code   RO          678    .ARM.Collect$$libinit$$0000001F  c_w.l(libinit2.o)
    0x08000208   0x00000000   Code   RO          680    .ARM.Collect$$libinit$$00000021  c_w.l(libinit2.o)
    0x08000208   0x00000000   Code   RO          682    .ARM.Collect$$libinit$$00000023  c_w.l(libinit2.o)
    0x08000208   0x00000000   Code   RO          684    .ARM.Collect$$libinit$$00000025  c_w.l(libinit2.o)
    0x08000208   0x00000000   Code   RO          688    .ARM.Collect$$libinit$$0000002C  c_w.l(libinit2.o)
    0x08000208   0x00000000   Code   RO          690    .ARM.Collect$$libinit$$0000002E  c_w.l(libinit2.o)
    0x08000208   0x00000000   Code   RO          692    .ARM.Collect$$libinit$$00000030  c_w.l(libinit2.o)
    0x08000208   0x00000000   Code   RO          694    .ARM.Collect$$libinit$$00000032  c_w.l(libinit2.o)
    0x08000208   0x00000002   Code   RO          695    .ARM.Collect$$libinit$$00000033  c_w.l(libinit2.o)
    0x0800020a   0x00000002   Code   RO          713    .ARM.Collect$$libshutdown$$00000000  c_w.l(libshutdown.o)
    0x0800020c   0x00000000   Code   RO          723    .ARM.Collect$$libshutdown$$00000002  c_w.l(libshutdown2.o)
    0x0800020c   0x00000000   Code   RO          725    .ARM.Collect$$libshutdown$$00000004  c_w.l(libshutdown2.o)
    0x0800020c   0x00000000   Code   RO          728    .ARM.Collect$$libshutdown$$00000007  c_w.l(libshutdown2.o)
    0x0800020c   0x00000000   Code   RO          731    .ARM.Collect$$libshutdown$$0000000A  c_w.l(libshutdown2.o)
    0x0800020c   0x00000000   Code   RO          733    .ARM.Collect$$libshutdown$$0000000C  c_w.l(libshutdown2.o)
    0x0800020c   0x00000000   Code   RO          736    .ARM.Collect$$libshutdown$$0000000F  c_w.l(libshutdown2.o)
    0x0800020c   0x00000002   Code   RO          737    .ARM.Collect$$libshutdown$$00000010  c_w.l(libshutdown2.o)
    0x0800020e   0x00000000   Code   RO          600    .ARM.Collect$$rtentry$$00000000  c_w.l(__rtentry.o)
    0x0800020e   0x00000000   Code   RO          614    .ARM.Collect$$rtentry$$00000002  c_w.l(__rtentry2.o)
    0x0800020e   0x00000006   Code   RO          626    .ARM.Collect$$rtentry$$00000004  c_w.l(__rtentry4.o)
    0x08000214   0x00000000   Code   RO          616    .ARM.Collect$$rtentry$$00000009  c_w.l(__rtentry2.o)
    0x08000214   0x00000004   Code   RO          617    .ARM.Collect$$rtentry$$0000000A  c_w.l(__rtentry2.o)
    0x08000218   0x00000000   Code   RO          619    .ARM.Collect$$rtentry$$0000000C  c_w.l(__rtentry2.o)
    0x08000218   0x00000008   Code   RO          620    .ARM.Collect$$rtentry$$0000000D  c_w.l(__rtentry2.o)
    0x08000220   0x00000002   Code   RO          649    .ARM.Collect$$rtexit$$00000000  c_w.l(rtexit.o)
    0x08000222   0x00000000   Code   RO          697    .ARM.Collect$$rtexit$$00000002  c_w.l(rtexit2.o)
    0x08000222   0x00000004   Code   RO          698    .ARM.Collect$$rtexit$$00000003  c_w.l(rtexit2.o)
    0x08000226   0x00000006   Code   RO          699    .ARM.Collect$$rtexit$$00000004  c_w.l(rtexit2.o)
    0x0800022c   0x00000644   Code   RO            1    .text               main.o
    0x08000870   0x0000001a   Code   RO          139    .text               stm32f10x_it.o
    0x0800088a   0x00000002   PAD
    0x0800088c   0x000001e0   Code   RO          180    .text               system_stm32f10x.o
    0x08000a6c   0x0000004c   Code   RO          198    .text               led.o
    0x08000ab8   0x000000d8   Code   RO          210    .text               key.o
    0x08000b90   0x00004a56   Code   RO          223    .text               lcd.o
    0x080055e6   0x00000002   PAD
    0x080055e8   0x00000474   Code   RO          246    .text               rtc.o
    0x08005a5c   0x000000d4   Code   RO          270    .text               delay.o
    0x08005b30   0x00000140   Code   RO          301    .text               usart.o
    0x08005c70   0x00000040   Code   RO          337    .text               startup_stm32f10x_hd.o
    0x08005cb0   0x000000dc   Code   RO          341    .text               misc.o
    0x08005d8c   0x000000c4   Code   RO          353    .text               stm32f10x_bkp.o
    0x08005e50   0x0000060c   Code   RO          365    .text               stm32f10x_fsmc.o
    0x0800645c   0x0000035c   Code   RO          377    .text               stm32f10x_gpio.o
    0x080067b8   0x000000cc   Code   RO          389    .text               stm32f10x_pwr.o
    0x08006884   0x000003a4   Code   RO          401    .text               stm32f10x_rcc.o
    0x08006c28   0x00000408   Code   RO          415    .text               stm32f10x_usart.o
    0x08007030   0x00000148   Code   RO          427    .text               stm32f10x_rtc.o
    0x08007178   0x00000e1a   Code   RO          439    .text               stm32f10x_tim.o
    0x08007f92   0x00000002   PAD
    0x08007f94   0x00000c38   Code   RO          475    .text               usmart.o
    0x08008bcc   0x00000528   Code   RO          507    .text               usmart_str.o
    0x080090f4   0x00000002   Code   RO          521    .text               c_w.l(use_no_semi_2.o)
    0x080090f6   0x00000002   PAD
    0x080090f8   0x00000018   Code   RO          525    .text               c_w.l(noretval__2printf.o)
    0x08009110   0x0000004e   Code   RO          529    .text               c_w.l(_printf_pad.o)
    0x0800915e   0x00000052   Code   RO          531    .text               c_w.l(_printf_str.o)
    0x080091b0   0x00000078   Code   RO          533    .text               c_w.l(_printf_dec.o)
    0x08009228   0x00000058   Code   RO          538    .text               c_w.l(_printf_hex_int.o)
    0x08009280   0x00000188   Code   RO          573    .text               c_w.l(__printf_flags_ss_wp.o)
    0x08009408   0x00000006   Code   RO          582    .text               c_w.l(heapauxi.o)
    0x0800940e   0x00000002   Code   RO          598    .text               c_w.l(use_no_semi.o)
    0x08009410   0x000000b2   Code   RO          601    .text               c_w.l(_printf_intcommon.o)
    0x080094c2   0x0000002c   Code   RO          603    .text               c_w.l(_printf_char.o)
    0x080094ee   0x00000002   PAD
    0x080094f0   0x00000024   Code   RO          605    .text               c_w.l(_printf_char_file.o)
    0x08009514   0x00000030   Code   RO          628    .text               c_w.l(_printf_char_common.o)
    0x08009544   0x00000008   Code   RO          630    .text               c_w.l(ferror.o)
    0x0800954c   0x0000004a   Code   RO          634    .text               c_w.l(sys_stackheap_outer.o)
    0x08009596   0x00000012   Code   RO          638    .text               c_w.l(exit.o)
    0x080095a8   0x00000008   Code   RO          646    .text               c_w.l(libspace.o)
    0x080095b0   0x0000000e   Code   RO          566    i._is_digit         c_w.l(__printf_wp.o)
    0x080095be   0x00000002   PAD
    0x080095c0   0x0000005a   Code   RO          586    x$fpl$dfixu         fz_ws.l(dfixu.o)
    0x0800961a   0x00000026   Code   RO          590    x$fpl$dfltu         fz_ws.l(dflt_clz.o)
    0x08009640   0x00000154   Code   RO          596    x$fpl$dmul          fz_ws.l(dmul.o)
    0x08009794   0x0000009c   Code   RO          608    x$fpl$dnaninf       fz_ws.l(dnaninf.o)
    0x08009830   0x0000000c   Code   RO          610    x$fpl$dretinf       fz_ws.l(dretinf.o)
    0x0800983c   0x00000000   Code   RO          612    x$fpl$usenofp       fz_ws.l(usenofp.o)
    0x0800983c   0x000017c0   Data   RO          225    .constdata          lcd.o
    0x0800affc   0x00000018   Data   RO          248    .constdata          rtc.o
    0x0800b014   0x00000028   Data   RO          539    .constdata          c_w.l(_printf_hex_int.o)
    0x0800b03c   0x00000011   Data   RO          574    .constdata          c_w.l(__printf_flags_ss_wp.o)
    0x0800b04d   0x00000003   PAD
    0x0800b050   0x00000028   Data   RO          476    .conststring        usmart.o
    0x0800b078   0x000000a7   Data   RO          491    .conststring        usmart_config.o
    0x0800b11f   0x00000001   PAD
    0x0800b120   0x00000020   Data   RO          769    Region$$Table       anon$$obj.o


    Execution Region RW_IRAM1 (Base: 0x20000000, Size: 0x000008b8, Max: 0x00010000, ABSOLUTE, COMPRESSED[0x0000006c])

    Base Addr    Size         Type   Attr      Idx    E Section Name        Object

    0x20000000   0x00000014   Data   RW          181    .data               system_stm32f10x.o
    0x20000014   0x00000001   Data   RW          211    .data               key.o
    0x20000015   0x00000001   PAD
    0x20000016   0x00000004   Data   RW          226    .data               lcd.o
    0x2000001a   0x00000002   Data   RW          249    .data               rtc.o
    0x2000001c   0x00000004   Data   RW          271    .data               delay.o
    0x20000020   0x00000006   Data   RW          303    .data               usart.o
    0x20000026   0x00000014   Data   RW          402    .data               stm32f10x_rcc.o
    0x2000003a   0x00000002   PAD
    0x2000003c   0x0000001c   Data   RW          477    .data               usmart.o
    0x20000058   0x0000011c   Data   RW          492    .data               usmart_config.o
    0x20000174   0x0000000e   Zero   RW          224    .bss                lcd.o
    0x20000182   0x0000000a   Zero   RW          247    .bss                rtc.o
    0x2000018c   0x000000c8   Zero   RW          302    .bss                usart.o
    0x20000254   0x00000060   Zero   RW          647    .bss                c_w.l(libspace.o)
    0x200002b4   0x00000004   PAD
    0x200002b8   0x00000200   Zero   RW          335    HEAP                startup_stm32f10x_hd.o
    0x200004b8   0x00000400   Zero   RW          334    STACK               startup_stm32f10x_hd.o


==============================================================================

Image component sizes


      Code (inc. data)   RO Data    RW Data    ZI Data      Debug   Object Name

       212         18          0          4          0       1327   delay.o
       216         14          0          1          0        952   key.o
     19030        162       6080          4         14      23034   lcd.o
        76          8          0          0          0        639   led.o
      1604        146          0          0          0     263872   main.o
       220         22          0          0          0       2085   misc.o
      1140         60         24          2         10       4930   rtc.o
        64         26        304          0       1536        896   startup_stm32f10x_hd.o
       196          8          0          0          0       3784   stm32f10x_bkp.o
      1548         18          0          0          0       5663   stm32f10x_fsmc.o
       860         38          0          0          0       6017   stm32f10x_gpio.o
        26          0          0          0          0       1322   stm32f10x_it.o
       204         14          0          0          0       2095   stm32f10x_pwr.o
       932         36          0         20          0       9340   stm32f10x_rcc.o
       328          4          0          0          0       2866   stm32f10x_rtc.o
      3610         88          0          0          0      23128   stm32f10x_tim.o
      1032         22          0          0          0       8744   stm32f10x_usart.o
         0          0          0          0          0         32   sys.o
       480         38          0         20          0       2163   system_stm32f10x.o
       320         18          0          6        200       3562   usart.o
      3128       1288         40         28          0       4798   usmart.o
         0          0        167        284          0       2060   usmart_config.o
      1320         12          0          0          0       5513   usmart_str.o

    ----------------------------------------------------------------------
     36552       2040       6648        372       1760     378822   Object Totals
         0          0         32          0          0          0   (incl. Generated)
         6          0          1          3          0          0   (incl. Padding)

    ----------------------------------------------------------------------

      Code (inc. data)   RO Data    RW Data    ZI Data      Debug   Library Member Name

        90          0          0          0          0          0   __dczerorl2.o
         8          0          0          0          0         68   __main.o
       392          4         17          0          0         92   __printf_flags_ss_wp.o
        14          0          0          0          0         68   __printf_wp.o
         0          0          0          0          0          0   __rtentry.o
        12          0          0          0          0          0   __rtentry2.o
         6          0          0          0          0          0   __rtentry4.o
        52          8          0          0          0          0   __scatter.o
        28          0          0          0          0          0   __scatter_zi.o
         6          0          0          0          0          0   _printf_c.o
        44          0          0          0          0        108   _printf_char.o
        48          6          0          0          0         96   _printf_char_common.o
        36          4          0          0          0         80   _printf_char_file.o
         6          0          0          0          0          0   _printf_d.o
       120         16          0          0          0         92   _printf_dec.o
        88          4         40          0          0         88   _printf_hex_int.o
       178          0          0          0          0         88   _printf_intcommon.o
        78          0          0          0          0        108   _printf_pad.o
         0          0          0          0          0          0   _printf_percent.o
         4          0          0          0          0          0   _printf_percent_end.o
         6          0          0          0          0          0   _printf_s.o
        82          0          0          0          0         80   _printf_str.o
         6          0          0          0          0          0   _printf_u.o
         6          0          0          0          0          0   _printf_x.o
        18          0          0          0          0         80   exit.o
         8          0          0          0          0         68   ferror.o
         6          0          0          0          0        152   heapauxi.o
         2          0          0          0          0          0   libinit.o
         2          0          0          0          0          0   libinit2.o
         2          0          0          0          0          0   libshutdown.o
         2          0          0          0          0          0   libshutdown2.o
         8          4          0          0         96         68   libspace.o
        24          4          0          0          0         84   noretval__2printf.o
         2          0          0          0          0          0   rtexit.o
        10          0          0          0          0          0   rtexit2.o
        74          0          0          0          0         80   sys_stackheap_outer.o
         2          0          0          0          0         68   use_no_semi.o
         2          0          0          0          0         68   use_no_semi_2.o
        90          4          0          0          0         92   dfixu.o
        38          0          0          0          0         68   dflt_clz.o
       340         12          0          0          0        104   dmul.o
       156          4          0          0          0         92   dnaninf.o
        12          0          0          0          0         68   dretinf.o
         0          0          0          0          0          0   usenofp.o

    ----------------------------------------------------------------------
      2116         70         60          0        100       2060   Library Totals
         8          0          3          0          4          0   (incl. Padding)

    ----------------------------------------------------------------------

      Code (inc. data)   RO Data    RW Data    ZI Data      Debug   Library Name

      1472         50         57          0         96       1636   c_w.l
       636         20          0          0          0        424   fz_ws.l

    ----------------------------------------------------------------------
      2116         70         60          0        100       2060   Library Totals

    ----------------------------------------------------------------------

==============================================================================


      Code (inc. data)   RO Data    RW Data    ZI Data      Debug   

     38668       2110       6708        372       1860     377654   Grand Totals
     38668       2110       6708        108       1860     377654   ELF Image Totals (compressed)
     38668       2110       6708        108          0          0   ROM Totals

==============================================================================

    Total RO  Size (Code + RO Data)                45376 (  44.31kB)
    Total RW  Size (RW Data + ZI Data)              2232 (   2.18kB)
    Total ROM Size (Code + RO Data + RW Data)      45484 (  44.42kB)

==============================================================================

